<html>
<body>
<pre>
<h1>µVision Build Log</h1>
<h2>Tool Versions:</h2>
IDE-Version: µVision V5.38.0.0
Copyright (C) 2022 ARM Ltd and ARM Germany GmbH. All rights reserved.
License Information: Jonas Tran
Nohau Solutions AB
User-based license: Keil MDK Professional
Valid until: Apr 10 2025. Cached until: May 24 2024
 
Tool Versions:
Toolchain:       Keil MDK Professional  Version: 5.38.0.0
Toolchain Path:  C:\Program Files\ArmCompilerforEmbedded6.21\Bin
C Compiler:      ArmClang.exe V6.21
Assembler:       Armasm.exe V6.21
Linker/Locator:  ArmLink.exe V6.21
Library Manager: ArmAr.exe V6.21
Hex Converter:   FromElf.exe V6.21
CPU DLL:         SARMCM3.DLL V5.38.0.0
Dialog DLL:      DCM.DLL V1.17.5.0
Target DLL:      UL2CM3.DLL V1.164.8.0
Dialog DLL:      TCM.DLL V1.56.4.0
 
<h2>Project:</h2>
C:\Keil_workspace\LPC4357\testIRQ\test.uvprojx
Project File Date:  05/17/2024

<h2>Output:</h2>
*** Using Compiler 'V6.21', folder: 'C:\Program Files\ArmCompilerforEmbedded6.21\Bin'
Build target 'Target 1'
main.c(19): warning: no previous prototype for function 'Init_Thread' [-Wmissing-prototypes]
   19 | int Init_Thread (void) {
      |     ^
main.c(19): note: declare 'static' if the function is not intended to be used outside of this translation unit
   19 | int Init_Thread (void) {
      | ^
      | static 
main.c(29): warning: unused parameter 'argument' [-Wunused-parameter]
   29 | void Thread (void *argument) {
      |                    ^
main.c(29): warning: function 'Thread' could be declared with attribute 'noreturn' [-Wmissing-noreturn]
   29 | void Thread (void *argument) {
      |                              ^
main.c(44): warning: no previous prototype for function 'Init_TIMER0' [-Wmissing-prototypes]
   44 | void Init_TIMER0(void){ 
      |      ^
main.c(44): note: declare 'static' if the function is not intended to be used outside of this translation unit
   44 | void Init_TIMER0(void){ 
      | ^
      | static 
main.c(69): warning: no previous prototype for function 'TIMER0_IRQHandler' [-Wmissing-prototypes]
   69 | void TIMER0_IRQHandler(void){
      |      ^
main.c(69): note: declare 'static' if the function is not intended to be used outside of this translation unit
   69 | void TIMER0_IRQHandler(void){
      | ^
      | static 
main.c(15): warning: no previous extern declaration for non-static variable 'tid_Thread' [-Wmissing-variable-declarations]
   15 | osThreadId_t tid_Thread;                        // thread id
      |              ^
main.c(15): note: declare 'static' if the variable is not intended to be used outside of this translation unit
   15 | osThreadId_t tid_Thread;                        // thread id
      | ^
6 warnings generated.
compiling main.c...
linking...
Program Size: Code=22922 RO-data=1818 RW-data=184 ZI-data=36520  
After Build - User command #1: C:\Keil_v5.38\/ARM/BIN/ElfDwT.exe .\Objects\test.axf BASEADDRESS(0x1A000000)
ELFDWT - Signature Creator V1.4.0.0
COPYRIGHT Copyright (C) 2014-2018, ARM Ldt. and  ARM Germany GmbH
*** Updated Signature over Range[32] (0x1A000000 - 0x1A000018): @0x1A00001C = 0x53FFE086
*** Processing completed, no Errors.
".\Objects\test.axf" - 0 Error(s), 6 Warning(s).

<h2>Software Packages used:</h2>

Package Vendor: ARM
                http://www.keil.com/pack/ARM.CMSIS.5.9.0.pack
                ARM.CMSIS.5.9.0
                CMSIS (Common Microcontroller Software Interface Standard)
   * Component: Keil RTX5 Variant: Library Version: 5.5.4

Package Vendor: ARM
                
                ARM.FuSa_RTS_CM4.1.1.0
                Arm Run-Time System for functional safety on Cortex-M4
   * Component: RTOS2 Version: 2.2.0-fusa
   * Component: CORE Version: 5.4.0-fusa

Package Vendor: Keil
                https://www.keil.com/pack/Keil.ARM_Compiler.1.7.2.pack
                Keil.ARM_Compiler.1.7.2
                Keil ARM Compiler extensions for ARM Compiler 5 and ARM Compiler 6
   * Component: STDOUT Variant: ITM Version: 1.2.0

Package Vendor: Keil
                http://www.keil.com/pack/Keil.LPC4300_DFP.2.10.1.pack
                Keil.LPC4300_DFP.2.10.1
                NXP LPC4300 Series Device Support, Drivers and Examples
   * Component: LED Version: 1.0.0
   * Component: GPIO Version: 1.1.0
   * Component: SCU Version: 1.2.0
   * Component: Startup Version: 1.0.0

Package Vendor: Keil
                https://www.keil.com/pack/Keil.MDK-Middleware.7.16.0.pack
                Keil.MDK-Middleware.7.16.0
                Middleware for Keil MDK-Professional and MDK-Plus
   * Component: LED Version: 1.0.0

<h2>Collection of Component include folders:</h2>
  ./RTE/CMSIS
  ./RTE/Device/LPC4357_Cortex-M4
  ./RTE/_Target_1
  C:/Users/jotr01/AppData/Local/Arm/Packs/ARM/CMSIS/5.9.0/CMSIS/RTOS2/RTX/Include
  C:/Users/jotr01/AppData/Local/Arm/Packs/ARM/FuSa_RTS_CM4/1.1.0/CMSIS/Core/Include
  C:/Users/jotr01/AppData/Local/Arm/Packs/ARM/FuSa_RTS_CM4/1.1.0/CMSIS/RTOS2/Include
  C:/Users/jotr01/AppData/Local/Arm/Packs/Keil/LPC4300_DFP/2.10.1/Device/Include
  C:/Users/jotr01/AppData/Local/Arm/Packs/Keil/LPC4300_DFP/2.10.1/RTE_Driver
  C:/Users/jotr01/AppData/Local/Arm/Packs/Keil/MDK-Middleware/7.16.0/Board

<h2>Collection of Component Files used:</h2>

   * Component: ::Board Support:LED:1.0.0 (API)
      Include file:  Board/Board_LED.h

   * Component: ::CMSIS:RTOS2:2.2.0-fusa (API)
      Include file:  CMSIS/RTOS2/Include/cmsis_os2.h

   * Component: ARM::CMSIS:CORE:5.4.0-fusa

   * Component: ARM::CMSIS:RTOS2:Keil RTX5:Library:5.5.4
      Include file:  CMSIS/RTOS2/RTX/Config/RTX_Config.h
      Source file:   CMSIS/RTOS2/RTX/Template/MemPool.c
      Source file:   CMSIS/RTOS2/RTX/Template/Semaphore.c
      Include file:  CMSIS/RTOS2/RTX/Include/rtx_os.h
      Source file:   CMSIS/RTOS2/RTX/Config/RTX_Config.c
      Source file:   CMSIS/RTOS2/RTX/Template/Events.c
      Source file:   CMSIS/RTOS2/RTX/Template/Timer.c
      Source file:   CMSIS/RTOS2/RTX/Template/svc_user.c
      Source file:   CMSIS/RTOS2/RTX/Template/main.c
      Library file:  CMSIS/RTOS2/RTX/Library/ARM/RTX_CM4F.lib
      Source file:   CMSIS/RTOS2/RTX/Template/Mutex.c
      Source file:   CMSIS/RTOS2/RTX/Template/MsgQueue.c
      Source file:   CMSIS/RTOS2/RTX/Template/Thread.c
      Source file:   CMSIS/RTOS2/RTX/Source/rtx_lib.c

   * Component: Keil.ARM Compiler::Compiler:I/O:STDOUT:ITM:1.2.0
      Source file:   Source/retarget_io.c

   * Component: Keil.MCB4300::Board Support:LED:1.0.0
      Source file:   Boards/Keil/MCB4300/Common/LED_MCB4300.c

   * Component: Keil::Device:GPIO:1.1.0
      Source file:   RTE_Driver/GPIO_LPC43xx.c
      Include file:  RTE_Driver/GPIO_LPC43xx.h

   * Component: Keil::Device:SCU:1.2.0
      Source file:   RTE_Driver/SCU_LPC43xx.c
      Include file:  RTE_Driver/SCU_LPC43xx.h

   * Component: Keil::Device:Startup:1.0.0
      Include file:  Device/Include/LPC43xx.h
      Source file:   Device/Source/ARM/startup_LPC43xx.s
      Source file:   Device/Source/system_LPC43xx.c
      Include file:  RTE_Driver/Config/RTE_Device.h
Build Time Elapsed:  00:00:01
</pre>
</body>
</html>
