Component: Arm Compiler for Embedded 6.21 Tool: armlink [5ec1fa00]

==============================================================================

Section Cross References

    main.o(.text.Init_Thread) refers to main.o(.text.Thread) for Thread
    main.o(.text.Init_Thread) refers to rtx_thread.o(.text.osThreadNew) for osThreadNew
    main.o(.text.Init_Thread) refers to main.o(.bss.tid_Thread) for tid_Thread
    main.o(.ARM.exidx.text.Init_Thread) refers to main.o(.text.Init_Thread) for [Anonymous Symbol]
    main.o(.text.Thread) refers to led_mcb4300.o(.text.LED_Initialize) for LED_Initialize
    main.o(.text.Thread) refers to rtx_thread.o(.text.osThreadYield) for osThreadYield
    main.o(.text.Thread) refers to main.o(.rodata.str1.1) for .L.str
    main.o(.text.Thread) refers to printf.o(.text) for printf
    main.o(.text.Thread) refers to led_mcb4300.o(.text.LED_Off) for LED_Off
    main.o(.text.Thread) refers to rtx_delay.o(.text.osDelay) for osDelay
    main.o(.text.Thread) refers to led_mcb4300.o(.text.LED_On) for LED_On
    main.o(.ARM.exidx.text.Thread) refers to main.o(.text.Thread) for [Anonymous Symbol]
    main.o(.text.Init_TIMER0) refers to main.o(.text.__NVIC_EnableIRQ) for __NVIC_EnableIRQ
    main.o(.ARM.exidx.text.Init_TIMER0) refers to main.o(.text.Init_TIMER0) for [Anonymous Symbol]
    main.o(.ARM.exidx.text.__NVIC_EnableIRQ) refers to main.o(.text.__NVIC_EnableIRQ) for [Anonymous Symbol]
    main.o(.text.increment) refers to main.o(.bss.x) for x
    main.o(.ARM.exidx.text.increment) refers to main.o(.text.increment) for [Anonymous Symbol]
    main.o(.text.TIMER0_IRQHandler) refers to main.o(.text.increment) for increment
    main.o(.ARM.exidx.text.TIMER0_IRQHandler) refers to main.o(.text.TIMER0_IRQHandler) for [Anonymous Symbol]
    main.o(.text.main) refers to system_lpc43xx.o(.text.SystemCoreClockUpdate) for SystemCoreClockUpdate
    main.o(.text.main) refers to rtx_kernel.o(.text.osKernelInitialize) for osKernelInitialize
    main.o(.text.main) refers to main.o(.text.app_main) for app_main
    main.o(.text.main) refers to rtx_thread.o(.text.osThreadNew) for osThreadNew
    main.o(.text.main) refers to main.o(.text.Init_TIMER0) for Init_TIMER0
    main.o(.text.main) refers to main.o(.text.Init_Thread) for Init_Thread
    main.o(.text.main) refers to rtx_kernel.o(.text.osKernelStart) for osKernelStart
    main.o(.ARM.exidx.text.main) refers to main.o(.text.main) for [Anonymous Symbol]
    main.o(.ARM.exidx.text.app_main) refers to main.o(.text.app_main) for [Anonymous Symbol]
    led_mcb4300.o(.text.LED_Initialize) refers to gpio_lpc43xx.o(.text.GPIO_PortClock) for GPIO_PortClock
    led_mcb4300.o(.text.LED_Initialize) refers to led_mcb4300.o(.rodata.LED_PIN) for LED_PIN
    led_mcb4300.o(.text.LED_Initialize) refers to scu_lpc43xx.o(.text.SCU_PinConfigure) for SCU_PinConfigure
    led_mcb4300.o(.text.LED_Initialize) refers to led_mcb4300.o(.rodata.LED_GPIO) for LED_GPIO
    led_mcb4300.o(.text.LED_Initialize) refers to gpio_lpc43xx.o(.text.GPIO_SetDir) for GPIO_SetDir
    led_mcb4300.o(.text.LED_Initialize) refers to gpio_lpc43xx.o(.text.GPIO_PinWrite) for GPIO_PinWrite
    led_mcb4300.o(.ARM.exidx.text.LED_Initialize) refers to led_mcb4300.o(.text.LED_Initialize) for [Anonymous Symbol]
    led_mcb4300.o(.text.LED_Uninitialize) refers to led_mcb4300.o(.rodata.LED_PIN) for LED_PIN
    led_mcb4300.o(.text.LED_Uninitialize) refers to scu_lpc43xx.o(.text.SCU_PinConfigure) for SCU_PinConfigure
    led_mcb4300.o(.ARM.exidx.text.LED_Uninitialize) refers to led_mcb4300.o(.text.LED_Uninitialize) for [Anonymous Symbol]
    led_mcb4300.o(.text.LED_On) refers to led_mcb4300.o(.rodata.LED_GPIO) for LED_GPIO
    led_mcb4300.o(.text.LED_On) refers to gpio_lpc43xx.o(.text.GPIO_PinWrite) for GPIO_PinWrite
    led_mcb4300.o(.ARM.exidx.text.LED_On) refers to led_mcb4300.o(.text.LED_On) for [Anonymous Symbol]
    led_mcb4300.o(.text.LED_Off) refers to led_mcb4300.o(.rodata.LED_GPIO) for LED_GPIO
    led_mcb4300.o(.text.LED_Off) refers to gpio_lpc43xx.o(.text.GPIO_PinWrite) for GPIO_PinWrite
    led_mcb4300.o(.ARM.exidx.text.LED_Off) refers to led_mcb4300.o(.text.LED_Off) for [Anonymous Symbol]
    led_mcb4300.o(.text.LED_SetOut) refers to led_mcb4300.o(.text.LED_On) for LED_On
    led_mcb4300.o(.text.LED_SetOut) refers to led_mcb4300.o(.text.LED_Off) for LED_Off
    led_mcb4300.o(.ARM.exidx.text.LED_SetOut) refers to led_mcb4300.o(.text.LED_SetOut) for [Anonymous Symbol]
    led_mcb4300.o(.ARM.exidx.text.LED_GetCount) refers to led_mcb4300.o(.text.LED_GetCount) for [Anonymous Symbol]
    rtx_config.o(.ARM.exidx.text.osRtxIdleThread) refers to rtx_config.o(.text.osRtxIdleThread) for [Anonymous Symbol]
    rtx_config.o(.ARM.exidx.text.osRtxErrorNotify) refers to rtx_config.o(.text.osRtxErrorNotify) for [Anonymous Symbol]
    rtx_lib.o(.text._platform_post_stackheap_init) refers to rtx_kernel.o(.text.osKernelInitialize) for osKernelInitialize
[...]
    osRtxThreadDelayTick                     0x1a001e15   Thumb Code    80  rtx_thread.o(.text.osRtxThreadDelayTick)
    osRtxThreadReadyPut                      0x1a001ead   Thumb Code    16  rtx_thread.o(.text.osRtxThreadReadyPut)
    osRtxThreadWaitEnter                     0x1a001ebd   Thumb Code    56  rtx_thread.o(.text.osRtxThreadWaitEnter)
    osRtxTick_Handler                        0x1a001ef5   Thumb Code   116  rtx_system.o(.text.osRtxTick_Handler)
    osRtxTimerSetup                          0x1a001f69   Thumb Code    24  rtx_timer.o(.text.osRtxTimerSetup)
    osThreadGetId                            0x1a001f85   Thumb Code    32  rtx_thread.o(.text.osThreadGetId)
    osThreadYield                            0x1a001fa9   Thumb Code    32  rtx_thread.o(.text.osThreadYield)
    _btod_d2e                                0x1a0025c1   Thumb Code    62  btod.o(CL$$btod_d2e)
    _d2e_denorm_low                          0x1a0025ff   Thumb Code    70  btod.o(CL$$btod_d2e_denorm_low)
    _d2e_norm_op1                            0x1a002645   Thumb Code    96  btod.o(CL$$btod_d2e_norm_op1)
    __btod_div_common                        0x1a0026a5   Thumb Code   696  btod.o(CL$$btod_div_common)
    _e2e                                     0x1a0029dd   Thumb Code   220  btod.o(CL$$btod_e2e)
    __btod_mult_common                       0x1a002ab9   Thumb Code   580  btod.o(CL$$btod_mult_common)
    Long Thumb to Thumb Veneer to _init_alloc 0x1a002cfd   Thumb Code    10  anon$$obj.o(Veneer$$Code)
    Long Thumb to Thumb Veneer to _get_lc_numeric 0x1a002d07   Thumb Code    10  anon$$obj.o(Veneer$$Code)
    Long Thumb to Thumb Veneer to _initio    0x1a002d11   Thumb Code    10  anon$$obj.o(Veneer$$Code)
    Long Thumb to Thumb Veneer to main       0x1a002d1b   Thumb Code    10  anon$$obj.o(Veneer$$Code)
    Long Thumb to Thumb Veneer to _printf_truncate_signed 0x1a002d25   Thumb Code    10  anon$$obj.o(Veneer$$Code)
    Long Thumb to Thumb Veneer to _printf_truncate_unsigned 0x1a002d2f   Thumb Code    10  anon$$obj.o(Veneer$$Code)
    Long Thumb to Thumb Veneer to _printf_percent 0x1a002d39   Thumb Code    10  anon$$obj.o(Veneer$$Code)
    Long Thumb to Thumb Veneer to _printf_pre_padding 0x1a002d43   Thumb Code    10  anon$$obj.o(Veneer$$Code)
    Long Thumb to Thumb Veneer to _printf_post_padding 0x1a002d4d   Thumb Code    10  anon$$obj.o(Veneer$$Code)
    Long Thumb to Thumb Veneer to _btod_etento 0x1a002d57   Thumb Code    10  anon$$obj.o(Veneer$$Code)
    Long Thumb to Thumb Veneer to _btod_ediv 0x1a002d61   Thumb Code    10  anon$$obj.o(Veneer$$Code)
    Long Thumb to Thumb Veneer to _btod_emul 0x1a002d6b   Thumb Code    10  anon$$obj.o(Veneer$$Code)
    Long Thumb to Thumb Veneer to __ARM_fpclassify 0x1a002d75   Thumb Code    10  anon$$obj.o(Veneer$$Code)
    Long Thumb to Thumb Veneer to _printf_wctomb 0x1a002d7f   Thumb Code    10  anon$$obj.o(Veneer$$Code)
    Long Thumb to Thumb Veneer to _fclose_internal 0x1a002d89   Thumb Code    10  anon$$obj.o(Veneer$$Code)
    Long Thumb to Thumb Veneer to _fseek     0x1a002d93   Thumb Code    10  anon$$obj.o(Veneer$$Code)
    Long Thumb to Thumb Veneer to _mutex_release 0x1a002d9d   Thumb Code    10  anon$$obj.o(Veneer$$Code)
    Long Thumb to Thumb Veneer to __rt_exit  0x1a002da7   Thumb Code    10  anon$$obj.o(Veneer$$Code)
    Long Thumb to Thumb Veneer to __Heap_Full 0x1a002db1   Thumb Code    10  anon$$obj.o(Veneer$$Code)
    Long Thumb to Thumb Veneer to _sys_write 0x1a002dbb   Thumb Code    10  anon$$obj.o(Veneer$$Code)
    Long Thumb to Thumb Veneer to _sys_exit  0x1a002dc5   Thumb Code    10  anon$$obj.o(Veneer$$Code)
    Long Thumb to Thumb Veneer to free_internal$concurrent 0x1a002dcf   Thumb Code    10  anon$$obj.o(Veneer$$Code)
    Long Thumb to Thumb Veneer to __rt_SIGRTMEM_inner 0x1a002dd9   Thumb Code    10  anon$$obj.o(Veneer$$Code)
    Long Thumb to Thumb Veneer to $Super$$_fp_init 0x1a002de3   Thumb Code    10  anon$$obj.o(Veneer$$Code)
    Long Thumb to Thumb Veneer to osThreadNew 0x1a002ded   Thumb Code    10  anon$$obj.o(Veneer$$Code)
    Long Thumb to Thumb Veneer to SCU_PinConfigure 0x1a002df7   Thumb Code    10  anon$$obj.o(Veneer$$Code)
    Long Thumb to Thumb Veneer to GPIO_PinWrite 0x1a002e01   Thumb Code    10  anon$$obj.o(Veneer$$Code)
    Long Thumb to Thumb Veneer to osRtxThreadWaitExit 0x1a002e0b   Thumb Code    10  anon$$obj.o(Veneer$$Code)
    Long Thumb to Thumb Veneer to osRtxThreadListGet 0x1a002e15   Thumb Code    10  anon$$obj.o(Veneer$$Code)
    Long Thumb to Thumb Veneer to GetClockFreq 0x1a002e1f   Thumb Code    10  anon$$obj.o(Veneer$$Code)
    Long Thumb to Thumb Veneer to osMutexNew 0x1a002e29   Thumb Code    10  anon$$obj.o(Veneer$$Code)
    Long Thumb to Thumb Veneer to strcmp     0x1a002e33   Thumb Code    10  anon$$obj.o(Veneer$$Code)
    Long Thumb to Thumb Veneer to __aeabi_memcpy 0x1a002e3d   Thumb Code    10  anon$$obj.o(Veneer$$Code)
    Long Thumb to Thumb Veneer to osRtxErrorNotify 0x1a002e47   Thumb Code    10  anon$$obj.o(Veneer$$Code)
    Long Thumb to Thumb Veneer to osRtxThreadListSort 0x1a002e51   Thumb Code    10  anon$$obj.o(Veneer$$Code)
    Long Thumb to Thumb Veneer to osRtxThreadDispatch 0x1a002e5b   Thumb Code    10  anon$$obj.o(Veneer$$Code)
    Long Thumb to Thumb Veneer to osRtxThreadListRemove 0x1a002e65   Thumb Code    10  anon$$obj.o(Veneer$$Code)
    Long Thumb to Thumb Veneer to osRtxThreadListPut 0x1a002e6f   Thumb Code    10  anon$$obj.o(Veneer$$Code)
    Long Thumb to Thumb Veneer to OS_Tick_AcknowledgeIRQ 0x1a002e79   Thumb Code    10  anon$$obj.o(Veneer$$Code)
    Long Thumb to Thumb Veneer to osRtxThreadSwitch 0x1a002e83   Thumb Code    10  anon$$obj.o(Veneer$$Code)
    Long Thumb to Thumb Veneer to osRtxMessageQueueTimerSetup 0x1a002e8d   Thumb Code    10  anon$$obj.o(Veneer$$Code)
    Long Thumb to Thumb Veneer to ITM_SendChar 0x1a002ea1   Thumb Code    10  anon$$obj.o(Veneer$$Code)
    Long Thumb to Thumb Veneer to osRtxMemoryPoolFree 0x1a002eb5   Thumb Code    10  anon$$obj.o(Veneer$$Code)
    Long Thumb to Thumb Veneer to osRtxMemoryFree 0x1a002ebf   Thumb Code    10  anon$$obj.o(Veneer$$Code)
    Long Thumb to Thumb Veneer to osRtxMemoryPoolInit 0x1a002ec9   Thumb Code    10  anon$$obj.o(Veneer$$Code)
    Long Thumb to Thumb Veneer to osRtxThreadRegPtr 0x1a002ed3   Thumb Code    10  anon$$obj.o(Veneer$$Code)
    Long Thumb to Thumb Veneer to osRtxMutexOwnerRelease 0x1a002edd   Thumb Code    10  anon$$obj.o(Veneer$$Code)
    Long Thumb to Thumb Veneer to _printf_fp_hex_real 0x1a002ef1   Thumb Code    10  anon$$obj.o(Veneer$$Code)
    _is_digit                                0x1a002efb   Thumb Code    14  __printf_wp.o(i._is_digit)
    _get_lc_ctype                            0x1a002f09   Thumb Code    44  lc_ctype_c.o(locale$$code)
    _printf_fp_hex                           0x1a002f35   Thumb Code     4  printf2.o(x$fpl$printf2)
    __stderr_name                            0x1a00300c   Data           8  retarget_io.o(.rodata.__stderr_name)
    __stdout_name                            0x1a003014   Data           8  retarget_io.o(.rodata.__stdout_name)
    osRtxUserSVC                             0x1a003030   Data           4  rtx_lib.o(.rodata.osRtxUserSVC)
    Region$$Table$$Base                      0x1a003038   Number         0  anon$$obj.o(Region$$Table)
    Region$$Table$$Limit                     0x1a003078   Number         0  anon$$obj.o(Region$$Table)
    _printf_n                                0x1b000001   Thumb Code     0  _printf_n.o(.ARM.Collect$$_printf_percent$$00000001)
    _printf_percent                          0x1b000001   Thumb Code     0  _printf_percent.o(.ARM.Collect$$_printf_percent$$00000000)
    _printf_p                                0x1b000007   Thumb Code     0  _printf_p.o(.ARM.Collect$$_printf_percent$$00000002)
    _printf_f                                0x1b00000d   Thumb Code     0  _printf_f.o(.ARM.Collect$$_printf_percent$$00000003)
    _printf_e                                0x1b000013   Thumb Code     0  _printf_e.o(.ARM.Collect$$_printf_percent$$00000004)
    _printf_g                                0x1b000019   Thumb Code     0  _printf_g.o(.ARM.Collect$$_printf_percent$$00000005)
    _printf_a                                0x1b00001f   Thumb Code     0  _printf_a.o(.ARM.Collect$$_printf_percent$$00000006)
    _printf_ll                               0x1b000025   Thumb Code     0  _printf_ll.o(.ARM.Collect$$_printf_percent$$00000007)
    _printf_i                                0x1b00002f   Thumb Code     0  _printf_i.o(.ARM.Collect$$_printf_percent$$00000008)
    _printf_d                                0x1b000035   Thumb Code     0  _printf_d.o(.ARM.Collect$$_printf_percent$$00000009)
    _printf_u                                0x1b00003b   Thumb Code     0  _printf_u.o(.ARM.Collect$$_printf_percent$$0000000A)
    _printf_o                                0x1b000041   Thumb Code     0  _printf_o.o(.ARM.Collect$$_printf_percent$$0000000B)
    _printf_x                                0x1b000047   Thumb Code     0  _printf_x.o(.ARM.Collect$$_printf_percent$$0000000C)
    _printf_lli                              0x1b00004d   Thumb Code     0  _printf_lli.o(.ARM.Collect$$_printf_percent$$0000000D)
    _printf_lld                              0x1b000053   Thumb Code     0  _printf_lld.o(.ARM.Collect$$_printf_percent$$0000000E)
    _printf_llu                              0x1b000059   Thumb Code     0  _printf_llu.o(.ARM.Collect$$_printf_percent$$0000000F)
    _printf_llo                              0x1b00005f   Thumb Code     0  _printf_llo.o(.ARM.Collect$$_printf_percent$$00000010)
    _printf_llx                              0x1b000065   Thumb Code     0  _printf_llx.o(.ARM.Collect$$_printf_percent$$00000011)
    _printf_l                                0x1b00006b   Thumb Code     0  _printf_l.o(.ARM.Collect$$_printf_percent$$00000012)
    _printf_c                                0x1b000075   Thumb Code     0  _printf_c.o(.ARM.Collect$$_printf_percent$$00000013)
    _printf_s                                0x1b00007b   Thumb Code     0  _printf_s.o(.ARM.Collect$$_printf_percent$$00000014)
    _printf_lc                               0x1b000081   Thumb Code     0  _printf_lc.o(.ARM.Collect$$_printf_percent$$00000015)
    _printf_ls                               0x1b000087   Thumb Code     0  _printf_ls.o(.ARM.Collect$$_printf_percent$$00000016)
    _printf_percent_end                      0x1b00008d   Thumb Code     0  _printf_percent_end.o(.ARM.Collect$$_printf_percent$$00000017)
    __rt_lib_shutdown                        0x1b000091   Thumb Code     0  libshutdown.o(.ARM.Collect$$libshutdown$$00000000)
    __rt_lib_shutdown_cpp_1                  0x1b000093   Thumb Code     0  libshutdown2.o(.ARM.Collect$$libshutdown$$00000002)
    __rt_lib_shutdown_stdio_2                0x1b000093   Thumb Code     0  libshutdown2.o(.ARM.Collect$$libshutdown$$00000003)
    __rt_lib_shutdown_fp_trap_1              0x1b000097   Thumb Code     0  libshutdown2.o(.ARM.Collect$$libshutdown$$00000007)
    __rt_lib_shutdown_heap_2                 0x1b000097   Thumb Code     0  libshutdown2.o(.ARM.Collect$$libshutdown$$0000000D)
    __rt_lib_shutdown_signal_1               0x1b000097   Thumb Code     0  libshutdown2.o(.ARM.Collect$$libshutdown$$0000000A)
    __rt_lib_shutdown_stdio_1                0x1b000097   Thumb Code     0  libshutdown2.o(.ARM.Collect$$libshutdown$$00000004)
    __rt_lib_shutdown_user_alloc_1           0x1b000097   Thumb Code     0  libshutdown2.o(.ARM.Collect$$libshutdown$$0000000C)
    __rt_lib_shutdown_heap_1                 0x1b00009b   Thumb Code     0  libshutdown2.o(.ARM.Collect$$libshutdown$$0000000F)
    __rt_lib_shutdown_return                 0x1b00009b   Thumb Code     0  libshutdown2.o(.ARM.Collect$$libshutdown$$00000010)
    __rt_exit                                0x1b00009d   Thumb Code     0  rtexit.o(.ARM.Collect$$rtexit$$00000000)
    __rt_exit_ls                             0x1b00009f   Thumb Code     0  rtexit2.o(.ARM.Collect$$rtexit$$00000003)
    __rt_exit_prels_1                        0x1b00009f   Thumb Code     0  rtexit2.o(.ARM.Collect$$rtexit$$00000002)
    __rt_exit_exit                           0x1b0000a3   Thumb Code     0  rtexit2.o(.ARM.Collect$$rtexit$$00000004)
    __aeabi_memcpy                           0x1b0000a9   Thumb Code     0  rt_memcpy_v6.o(.text)
    __rt_memcpy                              0x1b0000a9   Thumb Code   138  rt_memcpy_v6.o(.text)
    _memcpy_lastbytes                        0x1b00010f   Thumb Code     0  rt_memcpy_v6.o(.text)
    strcmp                                   0x1b000139   Thumb Code   124  strcmpv7em.o(.text)
    _printf_pre_padding                      0x1b0001b5   Thumb Code    44  _printf_pad.o(.text)
    _printf_post_padding                     0x1b0001e1   Thumb Code    34  _printf_pad.o(.text)
    _printf_truncate_signed                  0x1b000203   Thumb Code    18  _printf_truncate.o(.text)
    _printf_truncate_unsigned                0x1b000215   Thumb Code    18  _printf_truncate.o(.text)
    _printf_str                              0x1b000227   Thumb Code    82  _printf_str.o(.text)
    _printf_wctomb                           0x1b000279   Thumb Code   182  _printf_wctomb.o(.text)
    _printf_longlong_dec                     0x1b000335   Thumb Code   108  _printf_longlong_dec.o(.text)
    _printf_longlong_oct                     0x1b0003b1   Thumb Code    68  _printf_oct_int_ll.o(.text)
    _printf_int_oct                          0x1b0003f5   Thumb Code    24  _printf_oct_int_ll.o(.text)
    _printf_ll_oct                           0x1b00040d   Thumb Code    12  _printf_oct_int_ll.o(.text)
    _printf_longlong_hex                     0x1b000421   Thumb Code    86  _printf_hex_int_ll_ptr.o(.text)
    _printf_int_hex                          0x1b000477   Thumb Code    28  _printf_hex_int_ll_ptr.o(.text)
    _printf_ll_hex                           0x1b000493   Thumb Code    12  _printf_hex_int_ll_ptr.o(.text)
    _printf_hex_ptr                          0x1b00049f   Thumb Code    18  _printf_hex_int_ll_ptr.o(.text)
    __aeabi_memcpy4                          0x1b0004b5   Thumb Code     0  rt_memcpy_w.o(.text)
    __aeabi_memcpy8                          0x1b0004b5   Thumb Code     0  rt_memcpy_w.o(.text)
    __rt_memcpy_w                            0x1b0004b5   Thumb Code   100  rt_memcpy_w.o(.text)
    _memcpy_lastbytes_aligned                0x1b0004fd   Thumb Code     0  rt_memcpy_w.o(.text)
    _printf_fp_hex_real                      0x1b000519   Thumb Code   756  _printf_fp_hex.o(.text)
    _printf_cs_common                        0x1b000815   Thumb Code    20  _printf_char.o(.text)
    _printf_char                             0x1b000829   Thumb Code    16  _printf_char.o(.text)
    _printf_string                           0x1b000839   Thumb Code     8  _printf_char.o(.text)
    _initio                                  0x1b000841   Thumb Code   240  initio_locked.o(.text)
    _terminateio                             0x1b000931   Thumb Code   168  initio_locked.o(.text)
    _c16rtomb                                0x1b000a09   Thumb Code    72  _c16rtomb.o(.text)
    _wcrtomb                                 0x1b000a09   Thumb Code     0  _c16rtomb.o(.text)
    free_internal$concurrent                 0x1b000a51   Thumb Code    98  h1_free_threads.o(.text)
    free                                     0x1b000ab3   Thumb Code    20  h1_free_threads.o(.text)
    _btod_etento                             0x1b000ac9   Thumb Code   224  bigflt0.o(.text)
    __flsbuf                                 0x1b000bad   Thumb Code   482  flsbuf.o(.text)
    __flsbuf_byte                            0x1b000bad   Thumb Code     0  flsbuf.o(.text)
    __flsbuf_wide                            0x1b000bad   Thumb Code     0  flsbuf.o(.text)
    _fclose_internal                         0x1b000d8f   Thumb Code    76  fclose.o(.text)
    fclose                                   0x1b000d8f   Thumb Code     0  fclose.o(.text)
    setvbuf                                  0x1b000ddb   Thumb Code   104  setvbuf_locked.o(.text)
    __rt_SIGRTRED                            0x1b000e43   Thumb Code    14  defsig_rtred_outer.o(.text)
    _terminate_user_alloc                    0x1b000e51   Thumb Code     2  init_alloc.o(.text)
    _init_user_alloc                         0x1b000e53   Thumb Code     2  init_alloc.o(.text)
    __Heap_Full                              0x1b000e55   Thumb Code    34  init_alloc.o(.text)
    __Heap_Broken                            0x1b000e77   Thumb Code     6  init_alloc.o(.text)
    _init_alloc                              0x1b000e7d   Thumb Code    94  init_alloc.o(.text)
    _fseek                                   0x1b000edd   Thumb Code   242  fseek.o(.text)
    fseek                                    0x1b000edd   Thumb Code     0  fseek.o(.text)
    __rt_SIGRTRED_inner                      0x1b000fd5   Thumb Code    14  defsig_rtred_inner.o(.text)
    _sys_exit                                0x1b001009   Thumb Code     8  sys_exit.o(.text)
    __Heap_Initialize                        0x1b001015   Thumb Code    14  h1_init_threads.o(.text)
    _maybe_terminate_alloc                   0x1b001015   Thumb Code     0  maybetermalloc2.o(.text)
    __Heap_DescSize                          0x1b001023   Thumb Code     4  h1_init_threads.o(.text)
    __default_signal_display                 0x1b001027   Thumb Code    50  defsig_general.o(.text)
    _ttywrch                                 0x1b001059   Thumb Code    14  sys_wrch.o(.text)
    __semihosting_library_function           0x1b001067   Thumb Code     0  indicate_semi.o(.text)
    _terminate_alloc                         0x1b001067   Thumb Code    16  term_alloc.o(.text)
    __rt_SIGRTMEM_inner                      0x1b001079   Thumb Code    22  defsig_rtmem_inner.o(.text)
    GPIO_PinWrite                            0x1b0010c9   Thumb Code    62  gpio_lpc43xx.o(.text.GPIO_PinWrite)
    GetClockFreq                             0x1b001211   Thumb Code   324  system_lpc43xx.o(.text.GetClockFreq)
    ITM_SendChar                             0x1b0013d9   Thumb Code    66  retarget_io.o(.text.ITM_SendChar)
    Init_TIMER0                              0x1b00141d   Thumb Code    88  main.o(.text.Init_TIMER0)
    LED_Off                                  0x1b001475   Thumb Code    60  led_mcb4300.o(.text.LED_Off)
    OS_Tick_AcknowledgeIRQ                   0x1b0014b1   Thumb Code     8  os_systick.o(.text.OS_Tick_AcknowledgeIRQ)
    OS_Tick_GetIRQn                          0x1b0014b9   Thumb Code     6  os_systick.o(.text.OS_Tick_GetIRQn)
    OS_Tick_Setup                            0x1b0014c1   Thumb Code    48  os_systick.o(.text.OS_Tick_Setup)
    SCU_PinConfigure                         0x1b001515   Thumb Code    78  scu_lpc43xx.o(.text.SCU_PinConfigure)
    SystemInit                               0x1b00175d   Thumb Code    84  system_lpc43xx.o(.text.SystemInit)
    Thread                                   0x1b001f61   Thumb Code    60  main.o(.text.Thread)
    _mutex_release                           0x1b001f9d   Thumb Code    28  rtx_lib.o(.text._mutex_release)
    _sys_flen                                0x1b001fb9   Thumb Code    72  retarget_io.o(.text._sys_flen)
    _sys_istty                               0x1b002001   Thumb Code    72  retarget_io.o(.text._sys_istty)
    _sys_write                               0x1b002049   Thumb Code   118  retarget_io.o(.text._sys_write)
    main                                     0x1b0020c1   Thumb Code    50  main.o(.text.main)
    osMessageQueuePut                        0x1b0020f5   Thumb Code   124  rtx_msgqueue.o(.text.osMessageQueuePut)
    osMutexNew                               0x1b002175   Thumb Code    32  rtx_mutex.o(.text.osMutexNew)
    osMutexRelease                           0x1b002199   Thumb Code    32  rtx_mutex.o(.text.osMutexRelease)
    osRtxErrorNotify                         0x1b0021bd   Thumb Code    46  rtx_config.o(.text.osRtxErrorNotify)
    osRtxMemoryFree                          0x1b0021eb   Thumb Code    66  rtx_memory.o(.text.osRtxMemoryFree)
    osRtxMemoryPoolFree                      0x1b00222d   Thumb Code    74  rtx_mempool.o(.text.osRtxMemoryPoolFree)
    osRtxMemoryPoolInit                      0x1b002277   Thumb Code    56  rtx_mempool.o(.text.osRtxMemoryPoolInit)
    osRtxMessageQueueTimerSetup              0x1b002359   Thumb Code    32  rtx_msgqueue.o(.text.osRtxMessageQueueTimerSetup)
    osRtxMutexOwnerRelease                   0x1b002379   Thumb Code    72  rtx_mutex.o(.text.osRtxMutexOwnerRelease)
    osRtxThreadDispatch                      0x1b002451   Thumb Code    80  rtx_thread.o(.text.osRtxThreadDispatch)
    osRtxThreadListGet                       0x1b0024f5   Thumb Code    18  rtx_thread.o(.text.osRtxThreadListGet)
    osRtxThreadListPut                       0x1b002507   Thumb Code    44  rtx_thread.o(.text.osRtxThreadListPut)
    osRtxThreadListRemove                    0x1b002533   Thumb Code    20  rtx_thread.o(.text.osRtxThreadListRemove)
    osRtxThreadListSort                      0x1b002547   Thumb Code    38  rtx_thread.o(.text.osRtxThreadListSort)
    osRtxThreadRegPtr                        0x1b00256d   Thumb Code    20  rtx_thread.o(.text.osRtxThreadRegPtr)
    osRtxThreadStartup                       0x1b002581   Thumb Code    48  rtx_thread.o(.text.osRtxThreadStartup)
    osRtxThreadSwitch                        0x1b0025b9   Thumb Code    12  rtx_thread.o(.text.osRtxThreadSwitch)
    osRtxThreadWaitExit                      0x1b0025c5   Thumb Code    48  rtx_thread.o(.text.osRtxThreadWaitExit)
    osRtxTimerThread                         0x1b0025f5   Thumb Code    32  rtx_timer.o(.text.osRtxTimerThread)
    osThreadExit                             0x1b002685   Thumb Code     8  rtx_thread.o(.text.osThreadExit)
    osThreadNew                              0x1b002691   Thumb Code    32  rtx_thread.o(.text.osThreadNew)
    _btod_ediv                               0x1b002a19   Thumb Code    42  btod.o(CL$$btod_ediv)
    _btod_emul                               0x1b002a43   Thumb Code    42  btod.o(CL$$btod_emul)
    Long Thumb to Thumb Veneer to _printf_charcount 0x1b002a6d   Thumb Code    10  anon$$obj.o(Veneer$$Code)
    Long Thumb to Thumb Veneer to _printf_fp_hex 0x1b002a77   Thumb Code    10  anon$$obj.o(Veneer$$Code)
    Long Thumb to Thumb Veneer to _printf_int_dec 0x1b002a81   Thumb Code    10  anon$$obj.o(Veneer$$Code)
    Long Thumb to Thumb Veneer to _printf_wchar 0x1b002a8b   Thumb Code    10  anon$$obj.o(Veneer$$Code)
    Long Thumb to Thumb Veneer to _printf_wstring 0x1b002a95   Thumb Code    10  anon$$obj.o(Veneer$$Code)
    Long Thumb to Thumb Veneer to _ll_udiv10 0x1b002a9f   Thumb Code    10  anon$$obj.o(Veneer$$Code)
    Long Thumb to Thumb Veneer to _printf_int_common 0x1b002aa9   Thumb Code    10  anon$$obj.o(Veneer$$Code)
    Long Thumb to Thumb Veneer to _printf_fp_infnan 0x1b002ab3   Thumb Code    10  anon$$obj.o(Veneer$$Code)
    Long Thumb to Thumb Veneer to __aeabi_memclr4 0x1b002abd   Thumb Code    10  anon$$obj.o(Veneer$$Code)
    Long Thumb to Thumb Veneer to _mutex_initialize 0x1b002ac7   Thumb Code    10  anon$$obj.o(Veneer$$Code)
    Long Thumb to Thumb Veneer to freopen    0x1b002ad1   Thumb Code    10  anon$$obj.o(Veneer$$Code)
    Long Thumb to Thumb Veneer to _mutex_acquire 0x1b002adb   Thumb Code    10  anon$$obj.o(Veneer$$Code)
    Long Thumb to Thumb Veneer to _mutex_free 0x1b002ae5   Thumb Code    10  anon$$obj.o(Veneer$$Code)
    Long Thumb to Thumb Veneer to __rt_ctype_table 0x1b002aef   Thumb Code    10  anon$$obj.o(Veneer$$Code)
    Long Thumb to Thumb Veneer to __rt_heap_descriptor 0x1b002af9   Thumb Code    10  anon$$obj.o(Veneer$$Code)
    Long Thumb to Thumb Veneer to _deferredlazyseek 0x1b002b03   Thumb Code    10  anon$$obj.o(Veneer$$Code)
    Long Thumb to Thumb Veneer to _seterr    0x1b002b0d   Thumb Code    10  anon$$obj.o(Veneer$$Code)
    Long Thumb to Thumb Veneer to malloc     0x1b002b17   Thumb Code    10  anon$$obj.o(Veneer$$Code)
    Long Thumb to Thumb Veneer to _writebuf  0x1b002b21   Thumb Code    10  anon$$obj.o(Veneer$$Code)
    Long Thumb to Thumb Veneer to _fflush    0x1b002b2b   Thumb Code    10  anon$$obj.o(Veneer$$Code)
    Long Thumb to Thumb Veneer to _sys_close 0x1b002b35   Thumb Code    10  anon$$obj.o(Veneer$$Code)
    Long Thumb to Thumb Veneer to __sig_exit 0x1b002b3f   Thumb Code    10  anon$$obj.o(Veneer$$Code)
    Long Thumb to Thumb Veneer to __Heap_ProvideMemory 0x1b002b49   Thumb Code    10  anon$$obj.o(Veneer$$Code)
    Long Thumb to Thumb Veneer to __rt_SIGRTMEM 0x1b002b53   Thumb Code    10  anon$$obj.o(Veneer$$Code)
    Long Thumb to Thumb Veneer to _ftell_internal 0x1b002b5d   Thumb Code    10  anon$$obj.o(Veneer$$Code)
    Long Thumb to Thumb Veneer to __Heap_Finalize 0x1b002b67   Thumb Code    10  anon$$obj.o(Veneer$$Code)
    Long Thumb to Thumb Veneer to SystemCoreClockUpdate 0x1b002b7b   Thumb Code    10  anon$$obj.o(Veneer$$Code)
    Long Thumb to Thumb Veneer to __aeabi_uldivmod 0x1b002b85   Thumb Code    10  anon$$obj.o(Veneer$$Code)
    Long Thumb to Thumb Veneer to LED_Initialize 0x1b002b99   Thumb Code    10  anon$$obj.o(Veneer$$Code)
    Long Thumb to Thumb Veneer to osThreadYield 0x1b002ba3   Thumb Code    10  anon$$obj.o(Veneer$$Code)
    Long Thumb to Thumb Veneer to printf     0x1b002bad   Thumb Code    10  anon$$obj.o(Veneer$$Code)
    Long Thumb to Thumb Veneer to osDelay    0x1b002bb7   Thumb Code    10  anon$$obj.o(Veneer$$Code)
    Long Thumb to Thumb Veneer to LED_On     0x1b002bc1   Thumb Code    10  anon$$obj.o(Veneer$$Code)
    Long Thumb to Thumb Veneer to osKernelInitialize 0x1b002bdf   Thumb Code    10  anon$$obj.o(Veneer$$Code)
    Long Thumb to Thumb Veneer to Init_Thread 0x1b002be9   Thumb Code    10  anon$$obj.o(Veneer$$Code)
    Long Thumb to Thumb Veneer to osKernelStart 0x1b002bf3   Thumb Code    10  anon$$obj.o(Veneer$$Code)
    Long Thumb to Thumb Veneer to osRtxMemoryPoolAlloc 0x1b002bfd   Thumb Code    10  anon$$obj.o(Veneer$$Code)
    Long Thumb to Thumb Veneer to osRtxPostProcess 0x1b002c07   Thumb Code    10  anon$$obj.o(Veneer$$Code)
    Long Thumb to Thumb Veneer to osRtxThreadReadyPut 0x1b002c39   Thumb Code    10  anon$$obj.o(Veneer$$Code)
    Long Thumb to Thumb Veneer to osMessageQueueGet 0x1b002c4d   Thumb Code    10  anon$$obj.o(Veneer$$Code)
    Long Thumb to Thumb Veneer to osRtxKernelErrorNotify 0x1b002c57   Thumb Code    10  anon$$obj.o(Veneer$$Code)
    Long Thumb to Thumb Veneer to osRtxThreadWaitEnter 0x1b002c6b   Thumb Code    10  anon$$obj.o(Veneer$$Code)
    Long Thumb to Thumb Veneer to OS_Tick_Enable 0x1b002c75   Thumb Code    10  anon$$obj.o(Veneer$$Code)
    Long Thumb to Thumb Veneer to __btod_div_common 0x1b002c93   Thumb Code    10  anon$$obj.o(Veneer$$Code)
    Long Thumb to Thumb Veneer to _e2e       0x1b002c9d   Thumb Code    10  anon$$obj.o(Veneer$$Code)
    Long Thumb to Thumb Veneer to __btod_mult_common 0x1b002ca7   Thumb Code    10  anon$$obj.o(Veneer$$Code)
    Long Thumb to Thumb Veneer to _printf_fp_dec_real 0x1b002cb1   Thumb Code    10  anon$$obj.o(Veneer$$Code)
    __ARM_fpclassify                         0x1b002cbb   Thumb Code    48  fpclassify.o(i.__ARM_fpclassify)
    _fputc$unlocked                          0x1b002ceb   Thumb Code    28  fputc.o(i.fputc)
    _get_lc_numeric                          0x1b002d09   Thumb Code    44  lc_numeric_c.o(locale$$code)
    $Super$$_fp_init                         0x1b002d35   Thumb Code    26  fpinit.o(x$fpl$fpinit)
    __fplib_config_fpu_vfp                   0x1b002d4d   Thumb Code     0  fpinit.o(x$fpl$fpinit)
    __fplib_config_pureend_doubles           0x1b002d4d   Thumb Code     0  fpinit.o(x$fpl$fpinit)
    _printf_fp_dec                           0x1b002d4f   Thumb Code     4  printf1.o(x$fpl$printf1)
    __I$use$fp                               0x1b002d52   Number         0  usenofp.o(x$fpl$usenofp)
    osRtxConfig                              0x1b002d7c   Data         112  rtx_lib.o(.rodata)
    os_cb_sections                           0x1b002dec   Data          56  rtx_lib.o(.rodata)
    __stdin_name                             0x1b002e74   Data           7  retarget_io.o(.rodata.__stdin_name)
    __ctype                                  0x1b002f0d   Data           0  lc_ctype_c.o(locale$$data)
    __aeabi_stdin                            0x20000000   Data           4  stdio_streams.o(.data)
    __aeabi_stdout                           0x20000004   Data           4  stdio_streams.o(.data)
    _stream_list_lock                        0x20000008   Data           4  streamlock.o(.data)
    SystemCoreClock                          0x2000000c   Data           4  system_lpc43xx.o(.data.SystemCoreClock)
    __stdin                                  0x20000010   Data          84  stdio_streams.o(.bss)
    __stderr                                 0x20000064   Data          84  stdio_streams.o(.bss)
    .bss.os.msgqueue.cb$$Base                0x200082ec   Number         0  rtx_lib.o(.bss.os.msgqueue.cb)
    .bss.os.msgqueue.cb$$Limit               0x20008320   Number         0  rtx_lib.o(.bss.os.msgqueue.cb)
    .bss.os.thread.cb$$Base                  0x20008320   Number         0  rtx_lib.o(.bss.os.thread.cb)
    .bss.os.thread.cb$$Limit                 0x200083a8   Number         0  rtx_lib.o(.bss.os.thread.cb)
    tid_Thread                               0x200087a8   Data           4  main.o(.bss.tid_Thread)



==============================================================================

Memory Map of the image

  Image Entry point : 0x1a000301

  Load Region LR_IROM1 (Base: 0x1a000000, Size: 0x00003150, Max: 0x00080000, ABSOLUTE)

    Execution Region RW_IRAM1 (Exec base: 0x10000000, Load base: 0x1a003098, Size: 0x000007b0, Max: 0x00008000, ABSOLUTE)

    Exec Addr    Load Addr    Size         Type   Attr      Idx    E Section Name        Object

    0x10000000   0x1a003098   0x00000004   Data   RW          811    .data               c_w.l(stdio_streams.o)
    0x10000004   0x1a00309c   0x000000a4   Data   RW          270    .data.os            RTX_CM4F.lib(rtx_kernel.o)
    0x100000a8        -       0x00000054   Zero   RW          807    .bss                c_w.l(stdio_streams.o)
    0x100000fc        -       0x00000060   Zero   RW         1072    .bss                c_w.l(libspace.o)
    0x1000015c        -       0x00000050   Zero   RW           90    .bss.os.msgqueue.mem  rtx_lib.o
    0x100001ac        -       0x00000001   Zero   RW           91    .bss.os_kernel_is_active.os_kernel_active  rtx_lib.o
    0x100001ad   0x1a003140   0x00000003   PAD
    0x100001b0        -       0x00000200   Zero   RW          171    HEAP                startup_lpc43xx.o
    0x100003b0        -       0x00000400   Zero   RW          170    STACK               startup_lpc43xx.o


    Execution Region ER_IROM1 (Exec base: 0x1a000000, Load base: 0x1a000000, Size: 0x00003094, Max: 0x00080000, ABSOLUTE)

    Exec Addr    Load Addr    Size         Type   Attr      Idx    E Section Name        Object

    0x1a000000   0x1a000000   0x00000300   Data   RO          172    RESET               startup_lpc43xx.o
    0x1a000300   0x1a000300   0x00000008   Code   RO          708  * !!!main             c_w.l(__main.o)
    0x1a000308   0x1a000308   0x0000005c   Code   RO         1227    !!!scatter          c_w.l(__scatter.o)
    0x1a000364   0x1a000364   0x0000001a   Code   RO         1231    !!handler_copy      c_w.l(__scatter_copy.o)
    0x1a00037e   0x1a00037e   0x00000002   PAD
    0x1a000380   0x1a000380   0x00000002   Code   RO         1228    !!handler_null      c_w.l(__scatter.o)
    0x1a000382   0x1a000382   0x00000002   PAD
    0x1a000384   0x1a000384   0x0000001c   Code   RO         1233    !!handler_zi        c_w.l(__scatter_zi.o)
    0x1a0003a0   0x1a0003a0   0x00000002   Code   RO         1000    .ARM.Collect$$libinit$$00000000  c_w.l(libinit.o)
    0x1a0003a2   0x1a0003a2   0x00000004   Code   RO         1001    .ARM.Collect$$libinit$$00000001  c_w.l(libinit2.o)
    0x1a0003a6   0x1a0003a6   0x00000000   Code   RO         1004    .ARM.Collect$$libinit$$00000004  c_w.l(libinit2.o)
    0x1a0003a6   0x1a0003a6   0x00000000   Code   RO         1006    .ARM.Collect$$libinit$$00000006  c_w.l(libinit2.o)
    0x1a0003a6   0x1a0003a6   0x00000008   Code   RO         1007    .ARM.Collect$$libinit$$00000007  c_w.l(libinit2.o)
    0x1a0003ae   0x1a0003ae   0x00000000   Code   RO         1009    .ARM.Collect$$libinit$$0000000C  c_w.l(libinit2.o)
    0x1a0003ae   0x1a0003ae   0x00000000   Code   RO         1011    .ARM.Collect$$libinit$$0000000E  c_w.l(libinit2.o)
    0x1a0003ae   0x1a0003ae   0x00000000   Code   RO         1013    .ARM.Collect$$libinit$$00000010  c_w.l(libinit2.o)
    0x1a0003ae   0x1a0003ae   0x00000006   Code   RO         1014    .ARM.Collect$$libinit$$00000011  c_w.l(libinit2.o)
    0x1a0003b4   0x1a0003b4   0x00000000   Code   RO         1016    .ARM.Collect$$libinit$$00000013  c_w.l(libinit2.o)
    0x1a0003b4   0x1a0003b4   0x0000000c   Code   RO         1017    .ARM.Collect$$libinit$$00000014  c_w.l(libinit2.o)
    0x1a0003c0   0x1a0003c0   0x00000000   Code   RO         1018    .ARM.Collect$$libinit$$00000015  c_w.l(libinit2.o)
    0x1a0003c0   0x1a0003c0   0x00000000   Code   RO         1020    .ARM.Collect$$libinit$$00000017  c_w.l(libinit2.o)
    0x1a0003c0   0x1a0003c0   0x0000000a   Code   RO         1021    .ARM.Collect$$libinit$$00000018  c_w.l(libinit2.o)
    0x1a0003ca   0x1a0003ca   0x00000000   Code   RO         1022    .ARM.Collect$$libinit$$00000019  c_w.l(libinit2.o)
    0x1a0003ca   0x1a0003ca   0x00000000   Code   RO         1024    .ARM.Collect$$libinit$$0000001B  c_w.l(libinit2.o)
    0x1a0003ca   0x1a0003ca   0x00000000   Code   RO         1026    .ARM.Collect$$libinit$$0000001D  c_w.l(libinit2.o)
    0x1a0003ca   0x1a0003ca   0x00000000   Code   RO         1028    .ARM.Collect$$libinit$$0000001F  c_w.l(libinit2.o)
    0x1a0003ca   0x1a0003ca   0x00000000   Code   RO         1030    .ARM.Collect$$libinit$$00000021  c_w.l(libinit2.o)
    0x1a0003ca   0x1a0003ca   0x00000000   Code   RO         1032    .ARM.Collect$$libinit$$00000023  c_w.l(libinit2.o)
    0x1a0003ca   0x1a0003ca   0x00000000   Code   RO         1034    .ARM.Collect$$libinit$$00000025  c_w.l(libinit2.o)
    0x1a0003ca   0x1a0003ca   0x00000004   Code   RO         1035    .ARM.Collect$$libinit$$00000026  c_w.l(libinit2.o)
    0x1a0003ce   0x1a0003ce   0x00000000   Code   RO         1036    .ARM.Collect$$libinit$$00000027  c_w.l(libinit2.o)
    0x1a0003ce   0x1a0003ce   0x00000000   Code   RO         1040    .ARM.Collect$$libinit$$0000002E  c_w.l(libinit2.o)
    0x1a0003ce   0x1a0003ce   0x00000000   Code   RO         1042    .ARM.Collect$$libinit$$00000030  c_w.l(libinit2.o)
    0x1a0003ce   0x1a0003ce   0x00000000   Code   RO         1044    .ARM.Collect$$libinit$$00000032  c_w.l(libinit2.o)
    0x1a0003ce   0x1a0003ce   0x00000000   Code   RO         1046    .ARM.Collect$$libinit$$00000034  c_w.l(libinit2.o)
    0x1a0003ce   0x1a0003ce   0x00000002   Code   RO         1047    .ARM.Collect$$libinit$$00000035  c_w.l(libinit2.o)
    0x1a0003d0   0x1a0003d0   0x00000000   Code   RO          712    .ARM.Collect$$rtentry$$00000000  c_w.l(__rtentry.o)
    0x1a0003d0   0x1a0003d0   0x00000000   Code   RO          823    .ARM.Collect$$rtentry$$00000002  c_w.l(__rtentry2.o)
    0x1a0003d0   0x1a0003d0   0x00000006   Code   RO          835    .ARM.Collect$$rtentry$$00000004  c_w.l(__rtentry4.o)
    0x1a0003d6   0x1a0003d6   0x00000008   Code   RO          824    .ARM.Collect$$rtentry$$00000008  c_w.l(__rtentry2.o)
    0x1a0003de   0x1a0003de   0x00000004   Code   RO          826    .ARM.Collect$$rtentry$$0000000A  c_w.l(__rtentry2.o)
    0x1a0003e2   0x1a0003e2   0x00000000   Code   RO          828    .ARM.Collect$$rtentry$$0000000C  c_w.l(__rtentry2.o)
    0x1a0003e2   0x1a0003e2   0x00000008   Code   RO          829    .ARM.Collect$$rtentry$$0000000D  c_w.l(__rtentry2.o)
    0x1a0003ea   0x1a0003ea   0x00000002   PAD
    0x1a0003ec   0x1a0003ec   0x00000040   Code   RO          173    .text               startup_lpc43xx.o
    0x1a00042c   0x1a00042c   0x000000c8   Code   RO          516    .text               RTX_CM4F.lib(irq_armv7m.o)
    0x1a0004f4   0x1a0004f4   0x000000f0   Code   RO          694    .text               c_w.l(lludivv7m.o)
    0x1a0005e4   0x1a0005e4   0x00000018   Code   RO          696    .text               c_w.l(printf.o)
    0x1a0005fc   0x1a0005fc   0x00000044   Code   RO          700    .text               c_w.l(rt_memclr.o)
    0x1a000640   0x1a000640   0x0000004e   Code   RO          702    .text               c_w.l(rt_memclr_w.o)
    0x1a00068e   0x1a00068e   0x00000006   Code   RO          706    .text               c_w.l(heapauxi.o)
    0x1a000694   0x1a000694   0x00000078   Code   RO          725    .text               c_w.l(_printf_dec.o)
    0x1a00070c   0x1a00070c   0x00000028   Code   RO          727    .text               c_w.l(_printf_charcount.o)
    0x1a000734   0x1a000734   0x00000188   Code   RO          780    .text               c_w.l(__printf_flags_ss_wp.o)
    0x1a0008bc   0x1a0008bc   0x0000008a   Code   RO          839    .text               c_w.l(lludiv10.o)
    0x1a000946   0x1a000946   0x000000b2   Code   RO          841    .text               c_w.l(_printf_intcommon.o)
    0x1a0009f8   0x1a0009f8   0x0000041c   Code   RO          843    .text               c_w.l(_printf_fp_dec.o)
    0x1a000e14   0x1a000e14   0x00000030   Code   RO          850    .text               c_w.l(_printf_char_common.o)
    0x1a000e44   0x1a000e44   0x0000002c   Code   RO          854    .text               c_w.l(_printf_wchar.o)
    0x1a000e70   0x1a000e70   0x0000004a   Code   RO          873    .text               c_w.l(sys_stackheap_outer.o)
    0x1a000eba   0x1a000eba   0x00000002   PAD
    0x1a000ebc   0x1a000ebc   0x00000010   Code   RO          875    .text               c_w.l(rt_ctype_table.o)
    0x1a000ecc   0x1a000ecc   0x0000000a   Code   RO          882    .text               c_w.l(rt_locale_twolibspace.o)
    0x1a000ed6   0x1a000ed6   0x00000002   PAD
    0x1a000ed8   0x1a000ed8   0x00000080   Code   RO          940    .text               c_w.l(_printf_fp_infnan.o)
    0x1a000f58   0x1a000f58   0x0000014c   Code   RO          982    .text               c_w.l(fopen_locked.o)
    0x1a0010a4   0x1a0010a4   0x00000012   Code   RO          987    .text               c_w.l(exit.o)
    0x1a0010b6   0x1a0010b6   0x00000002   PAD
    0x1a0010b8   0x1a0010b8   0x00000008   Code   RO         1071    .text               c_w.l(libspace.o)
    0x1a0010c0   0x1a0010c0   0x0000000a   Code   RO         1083    .text               c_w.l(rt_heap_descriptor_twolibspace.o)
    0x1a0010ca   0x1a0010ca   0x00000004   Code   RO         1085    .text               c_w.l(hguard.o)
    0x1a0010ce   0x1a0010ce   0x000000a6   Code   RO         1095    .text               c_w.l(h1_alloc_threads.o)
    0x1a001174   0x1a001174   0x00000040   Code   RO         1105    .text               c_w.l(_printf_char_file_locked.o)
    0x1a0011b4   0x1a0011b4   0x00000108   Code   RO         1111    .text               c_w.l(stdio.o)
    0x1a0012bc   0x1a0012bc   0x0000000a   Code   RO         1120    .text               c_w.l(defsig_exit.o)
    0x1a0012c6   0x1a0012c6   0x00000052   Code   RO         1149    .text               c_w.l(h1_extend_threads.o)
    0x1a001318   0x1a001318   0x00000042   Code   RO         1157    .text               c_w.l(ftell.o)
    0x1a00135a   0x1a00135a   0x0000000e   Code   RO         1167    .text               c_w.l(defsig_rtmem_outer.o)
    0x1a001368   0x1a001368   0x00000002   Code   RO         1188    .text               c_w.l(use_no_semi.o)
    0x1a00136a   0x1a00136a   0x00000004   Code   RO         1196    .text               c_w.l(rt_errno_addr_twolibspace.o)
    0x1a00136e   0x1a00136e   0x0000000a   Code   RO         1211    .text               c_w.l(h1_final_threads.o)
    0x1a001378   0x1a001378   0x00000016   Code   RO           63    .text.$Sub$$_fp_init  rtx_lib.o
    0x1a00138e   0x1a00138e   0x00000002   PAD
    0x1a001390   0x1a001390   0x00000084   Code   RO          131    .text.GPIO_PortClock  gpio_lpc43xx.o
    0x1a001414   0x1a001414   0x0000004e   Code   RO          133    .text.GPIO_SetDir   gpio_lpc43xx.o
    0x1a001462   0x1a001462   0x00000002   PAD
    0x1a001464   0x1a001464   0x0000003a   Code   RO            2    .text.Init_Thread   main.o
    0x1a00149e   0x1a00149e   0x00000002   PAD
    0x1a0014a0   0x1a0014a0   0x00000072   Code   RO           29    .text.LED_Initialize  led_mcb4300.o
    0x1a001512   0x1a001512   0x00000002   PAD
    0x1a001514   0x1a001514   0x0000003c   Code   RO           33    .text.LED_On        led_mcb4300.o
    0x1a001550   0x1a001550   0x00000040   Code   RO          632    .text.MessageQueueGet  RTX_CM4F.lib(rtx_msgqueue.o)
    0x1a001590   0x1a001590   0x00000058   Code   RO          626    .text.MessageQueuePut  RTX_CM4F.lib(rtx_msgqueue.o)
    0x1a0015e8   0x1a0015e8   0x0000001c   Code   RO          624    .text.MessageQueueRemove  RTX_CM4F.lib(rtx_msgqueue.o)
    0x1a001604   0x1a001604   0x0000002c   Code   RO          668    .text.OS_Tick_Enable  RTX_CM4F.lib(os_systick.o)
    0x1a001630   0x1a001630   0x0000000c   Code   RO          640    .text.OUTLINED_FUNCTION_0  RTX_CM4F.lib(rtx_msgqueue.o)
    0x1a00163c   0x1a00163c   0x00000006   Code   RO          267    .text.OUTLINED_FUNCTION_1  RTX_CM4F.lib(rtx_kernel.o)
    0x1a001642   0x1a001642   0x00000006   Code   RO          642    .text.OUTLINED_FUNCTION_1  RTX_CM4F.lib(rtx_msgqueue.o)
    0x1a001648   0x1a001648   0x00000026   Code   RO          188    .text.SystemCoreClockUpdate  system_lpc43xx.o
    0x1a00166e   0x1a00166e   0x00000002   PAD
    0x1a001670   0x1a001670   0x00000014   Code   RO           12    .text.TIMER0_IRQHandler  main.o
    0x1a001684   0x1a001684   0x00000064   Code   RO          357    .text.ThreadFlagsCheck  RTX_CM4F.lib(rtx_thread.o)
    0x1a0016e8   0x1a0016e8   0x00000044   Code   RO          457    .text.TimerInsert   RTX_CM4F.lib(rtx_timer.o)
    0x1a00172c   0x1a00172c   0x0000004c   Code   RO          196    .text.WaitUs        system_lpc43xx.o
    0x1a001778   0x1a001778   0x00000030   Code   RO            8    .text.__NVIC_EnableIRQ  main.o
    0x1a0017a8   0x1a0017a8   0x00000096   Code   RO           65    .text.__user_perthread_libspace  rtx_lib.o
    0x1a00183e   0x1a00183e   0x00000002   PAD
    0x1a001840   0x1a001840   0x00000020   Code   RO           71    .text._mutex_acquire  rtx_lib.o
    0x1a001860   0x1a001860   0x00000012   Code   RO           75    .text._mutex_free   rtx_lib.o
    0x1a001872   0x1a001872   0x00000002   PAD
    0x1a001874   0x1a001874   0x00000032   Code   RO           69    .text._mutex_initialize  rtx_lib.o
    0x1a0018a6   0x1a0018a6   0x00000002   PAD
    0x1a0018a8   0x1a0018a8   0x00000008   Code   RO           61    .text._platform_post_stackheap_init  rtx_lib.o
    0x1a0018b0   0x1a0018b0   0x0000004a   Code   RO          105    .text._sys_close    retarget_io.o
    0x1a0018fa   0x1a0018fa   0x00000002   PAD
    0x1a0018fc   0x1a0018fc   0x00000084   Code   RO          103    .text._sys_open     retarget_io.o
    0x1a001980   0x1a001980   0x00000052   Code   RO          115    .text._sys_seek     retarget_io.o
    0x1a0019d2   0x1a0019d2   0x00000002   PAD
    0x1a0019d4   0x1a0019d4   0x00000008   Code   RO           16    .text.app_main      main.o
    0x1a0019dc   0x1a0019dc   0x0000002e   Code   RO           10    .text.increment     main.o
    0x1a001a0a   0x1a001a0a   0x00000002   PAD
    0x1a001a0c   0x1a001a0c   0x00000024   Code   RO          423    .text.osDelay       RTX_CM4F.lib(rtx_delay.o)
    0x1a001a30   0x1a001a30   0x00000030   Code   RO          217    .text.osKernelGetState  RTX_CM4F.lib(rtx_kernel.o)
    0x1a001a60   0x1a001a60   0x0000002c   Code   RO          211    .text.osKernelInitialize  RTX_CM4F.lib(rtx_kernel.o)
    0x1a001a8c   0x1a001a8c   0x00000024   Code   RO          221    .text.osKernelStart  RTX_CM4F.lib(rtx_kernel.o)
    0x1a001ab0   0x1a001ab0   0x00000070   Code   RO          600    .text.osMessageQueueGet  RTX_CM4F.lib(rtx_msgqueue.o)
    0x1a001b20   0x1a001b20   0x00000024   Code   RO          489    .text.osMutexAcquire  RTX_CM4F.lib(rtx_mutex.o)
    0x1a001b44   0x1a001b44   0x00000024   Code   RO          495    .text.osMutexDelete  RTX_CM4F.lib(rtx_mutex.o)
    0x1a001b68   0x1a001b68   0x00000008   Code   RO           50    .text.osRtxIdleThread  rtx_config.o
    0x1a001b70   0x1a001b70   0x00000004   Code   RO          209    .text.osRtxKernelErrorNotify  RTX_CM4F.lib(rtx_kernel.o)
    0x1a001b74   0x1a001b74   0x00000002   Code   RO          207    .text.osRtxKernelPreInit  RTX_CM4F.lib(rtx_kernel.o)
    0x1a001b76   0x1a001b76   0x0000006c   Code   RO          526    .text.osRtxMemoryAlloc  RTX_CM4F.lib(rtx_memory.o)
    0x1a001be2   0x1a001be2   0x00000036   Code   RO          524    .text.osRtxMemoryInit  RTX_CM4F.lib(rtx_memory.o)
    0x1a001c18   0x1a001c18   0x0000003a   Code   RO          540    .text.osRtxMemoryPoolAlloc  RTX_CM4F.lib(rtx_mempool.o)
    0x1a001c52   0x1a001c52   0x00000048   Code   RO          483    .text.osRtxMutexOwnerRestore  RTX_CM4F.lib(rtx_mutex.o)
    0x1a001c9a   0x1a001c9a   0x00000002   PAD
    0x1a001c9c   0x1a001c9c   0x00000088   Code   RO          654    .text.osRtxPendSV_Handler  RTX_CM4F.lib(rtx_system.o)
    0x1a001d24   0x1a001d24   0x00000070   Code   RO          656    .text.osRtxPostProcess  RTX_CM4F.lib(rtx_system.o)
    0x1a001d94   0x1a001d94   0x00000080   Code   RO          305    .text.osRtxThreadDelayInsert  RTX_CM4F.lib(rtx_thread.o)
    0x1a001e14   0x1a001e14   0x00000050   Code   RO          289    .text.osRtxThreadDelayTick  RTX_CM4F.lib(rtx_thread.o)
    0x1a001e64   0x1a001e64   0x0000001e   Code   RO          387    .text.osRtxThreadJoinWakeup  RTX_CM4F.lib(rtx_thread.o)
    0x1a001e82   0x1a001e82   0x00000028   Code   RO          355    .text.osRtxThreadPostProcess  RTX_CM4F.lib(rtx_thread.o)
    0x1a001eaa   0x1a001eaa   0x00000002   PAD
    0x1a001eac   0x1a001eac   0x00000010   Code   RO          287    .text.osRtxThreadReadyPut  RTX_CM4F.lib(rtx_thread.o)
    0x1a001ebc   0x1a001ebc   0x00000038   Code   RO          303    .text.osRtxThreadWaitEnter  RTX_CM4F.lib(rtx_thread.o)
    0x1a001ef4   0x1a001ef4   0x00000074   Code   RO          652    .text.osRtxTick_Handler  RTX_CM4F.lib(rtx_system.o)
    0x1a001f68   0x1a001f68   0x0000001c   Code   RO          439    .text.osRtxTimerSetup  RTX_CM4F.lib(rtx_timer.o)
    0x1a001f84   0x1a001f84   0x00000024   Code   RO          315    .text.osThreadGetId  RTX_CM4F.lib(rtx_thread.o)
    0x1a001fa8   0x1a001fa8   0x00000024   Code   RO          329    .text.osThreadYield  RTX_CM4F.lib(rtx_thread.o)
    0x1a001fcc   0x1a001fcc   0x00000036   Code   RO           67    .text.os_kernel_is_active  rtx_lib.o
    0x1a002002   0x1a002002   0x00000002   PAD
    0x1a002004   0x1a002004   0x00000010   Code   RO          109    .text.stdout_putchar  retarget_io.o
    0x1a002014   0x1a002014   0x0000000c   Code   RO          219    .text.svcRtxKernelGetState  RTX_CM4F.lib(rtx_kernel.o)
    0x1a002020   0x1a002020   0x00000100   Code   RO          249    .text.svcRtxKernelInitialize  RTX_CM4F.lib(rtx_kernel.o)
    0x1a002120   0x1a002120   0x00000118   Code   RO          592    .text.svcRtxMessageQueueNew  RTX_CM4F.lib(rtx_msgqueue.o)
    0x1a002238   0x1a002238   0x000000ac   Code   RO          630    .text.svcRtxMessageQueuePut  RTX_CM4F.lib(rtx_msgqueue.o)
    0x1a0022e4   0x1a0022e4   0x00000068   Code   RO          497    .text.svcRtxMutexNew  RTX_CM4F.lib(rtx_mutex.o)
    0x1a00234c   0x1a00234c   0x00000048   Code   RO          385    .text.svcRtxThreadExit  RTX_CM4F.lib(rtx_thread.o)
    0x1a002394   0x1a002394   0x0000000c   Code   RO          317    .text.svcRtxThreadGetId  RTX_CM4F.lib(rtx_thread.o)
    0x1a0023a0   0x1a0023a0   0x000001e8   Code   RO          309    .text.svcRtxThreadNew  RTX_CM4F.lib(rtx_thread.o)
    0x1a002588   0x1a002588   0x00000038   Code   RO          371    .text.svcRtxThreadYield  RTX_CM4F.lib(rtx_thread.o)
    0x1a0025c0   0x1a0025c0   0x0000003e   Code   RO          947    CL$$btod_d2e        c_w.l(btod.o)
    0x1a0025fe   0x1a0025fe   0x00000046   Code   RO          949    CL$$btod_d2e_denorm_low  c_w.l(btod.o)
    0x1a002644   0x1a002644   0x00000060   Code   RO          948    CL$$btod_d2e_norm_op1  c_w.l(btod.o)
    0x1a0026a4   0x1a0026a4   0x00000338   Code   RO          957    CL$$btod_div_common  c_w.l(btod.o)
    0x1a0029dc   0x1a0029dc   0x000000dc   Code   RO          954    CL$$btod_e2e        c_w.l(btod.o)
    0x1a002ab8   0x1a002ab8   0x00000244   Code   RO          956    CL$$btod_mult_common  c_w.l(btod.o)
    0x1a002cfc   0x1a002cfc   0x0000000a   Ven    RO         1235    Veneer$$Code        anon$$obj.o
    0x1a002d06   0x1a002d06   0x0000000a   Ven    RO         1236    Veneer$$Code        anon$$obj.o
    0x1a002d10   0x1a002d10   0x0000000a   Ven    RO         1237    Veneer$$Code        anon$$obj.o
    0x1a002d1a   0x1a002d1a   0x0000000a   Ven    RO         1238    Veneer$$Code        anon$$obj.o
    0x1a002d24   0x1a002d24   0x0000000a   Ven    RO         1239    Veneer$$Code        anon$$obj.o
    0x1a002d2e   0x1a002d2e   0x0000000a   Ven    RO         1240    Veneer$$Code        anon$$obj.o
    0x1a002d38   0x1a002d38   0x0000000a   Ven    RO         1241    Veneer$$Code        anon$$obj.o
    0x1a002d42   0x1a002d42   0x0000000a   Ven    RO         1242    Veneer$$Code        anon$$obj.o
    0x1a002d4c   0x1a002d4c   0x0000000a   Ven    RO         1243    Veneer$$Code        anon$$obj.o
    0x1a002d56   0x1a002d56   0x0000000a   Ven    RO         1244    Veneer$$Code        anon$$obj.o
    0x1a002d60   0x1a002d60   0x0000000a   Ven    RO         1245    Veneer$$Code        anon$$obj.o
    0x1a002d6a   0x1a002d6a   0x0000000a   Ven    RO         1246    Veneer$$Code        anon$$obj.o
    0x1a002d74   0x1a002d74   0x0000000a   Ven    RO         1247    Veneer$$Code        anon$$obj.o
    0x1a002d7e   0x1a002d7e   0x0000000a   Ven    RO         1248    Veneer$$Code        anon$$obj.o
    0x1a002d88   0x1a002d88   0x0000000a   Ven    RO         1249    Veneer$$Code        anon$$obj.o
    0x1a002d92   0x1a002d92   0x0000000a   Ven    RO         1250    Veneer$$Code        anon$$obj.o
    0x1a002d9c   0x1a002d9c   0x0000000a   Ven    RO         1251    Veneer$$Code        anon$$obj.o
    0x1a002da6   0x1a002da6   0x0000000a   Ven    RO         1252    Veneer$$Code        anon$$obj.o
    0x1a002db0   0x1a002db0   0x0000000a   Ven    RO         1253    Veneer$$Code        anon$$obj.o
    0x1a002dba   0x1a002dba   0x0000000a   Ven    RO         1254    Veneer$$Code        anon$$obj.o
    0x1a002dc4   0x1a002dc4   0x0000000a   Ven    RO         1255    Veneer$$Code        anon$$obj.o
    0x1a002dce   0x1a002dce   0x0000000a   Ven    RO         1256    Veneer$$Code        anon$$obj.o
    0x1a002dd8   0x1a002dd8   0x0000000a   Ven    RO         1257    Veneer$$Code        anon$$obj.o
    0x1a002de2   0x1a002de2   0x0000000a   Ven    RO         1258    Veneer$$Code        anon$$obj.o
    0x1a002dec   0x1a002dec   0x0000000a   Ven    RO         1259    Veneer$$Code        anon$$obj.o
    0x1a002df6   0x1a002df6   0x0000000a   Ven    RO         1260    Veneer$$Code        anon$$obj.o
    0x1a002e00   0x1a002e00   0x0000000a   Ven    RO         1261    Veneer$$Code        anon$$obj.o
    0x1a002e0a   0x1a002e0a   0x0000000a   Ven    RO         1262    Veneer$$Code        anon$$obj.o
    0x1a002e14   0x1a002e14   0x0000000a   Ven    RO         1263    Veneer$$Code        anon$$obj.o
    0x1a002e1e   0x1a002e1e   0x0000000a   Ven    RO         1264    Veneer$$Code        anon$$obj.o
    0x1a002e28   0x1a002e28   0x0000000a   Ven    RO         1265    Veneer$$Code        anon$$obj.o
    0x1a002e32   0x1a002e32   0x0000000a   Ven    RO         1266    Veneer$$Code        anon$$obj.o
    0x1a002e3c   0x1a002e3c   0x0000000a   Ven    RO         1267    Veneer$$Code        anon$$obj.o
    0x1a002e46   0x1a002e46   0x0000000a   Ven    RO         1268    Veneer$$Code        anon$$obj.o
    0x1a002e50   0x1a002e50   0x0000000a   Ven    RO         1269    Veneer$$Code        anon$$obj.o
    0x1a002e5a   0x1a002e5a   0x0000000a   Ven    RO         1270    Veneer$$Code        anon$$obj.o
    0x1a002e64   0x1a002e64   0x0000000a   Ven    RO         1271    Veneer$$Code        anon$$obj.o
    0x1a002e6e   0x1a002e6e   0x0000000a   Ven    RO         1272    Veneer$$Code        anon$$obj.o
    0x1a002e78   0x1a002e78   0x0000000a   Ven    RO         1273    Veneer$$Code        anon$$obj.o
    0x1a002e82   0x1a002e82   0x0000000a   Ven    RO         1274    Veneer$$Code        anon$$obj.o
    0x1a002e8c   0x1a002e8c   0x0000000a   Ven    RO         1275    Veneer$$Code        anon$$obj.o
    0x1a002e96   0x1a002e96   0x0000000a   Ven    RO         1276    Veneer$$Code        anon$$obj.o
    0x1a002ea0   0x1a002ea0   0x0000000a   Ven    RO         1277    Veneer$$Code        anon$$obj.o
    0x1a002eaa   0x1a002eaa   0x0000000a   Ven    RO         1278    Veneer$$Code        anon$$obj.o
    0x1a002eb4   0x1a002eb4   0x0000000a   Ven    RO         1279    Veneer$$Code        anon$$obj.o
    0x1a002ebe   0x1a002ebe   0x0000000a   Ven    RO         1280    Veneer$$Code        anon$$obj.o
    0x1a002ec8   0x1a002ec8   0x0000000a   Ven    RO         1281    Veneer$$Code        anon$$obj.o
    0x1a002ed2   0x1a002ed2   0x0000000a   Ven    RO         1282    Veneer$$Code        anon$$obj.o
    0x1a002edc   0x1a002edc   0x0000000a   Ven    RO         1283    Veneer$$Code        anon$$obj.o
    0x1a002ee6   0x1a002ee6   0x0000000a   Ven    RO         1284    Veneer$$Code        anon$$obj.o
    0x1a002ef0   0x1a002ef0   0x0000000a   Ven    RO         1285    Veneer$$Code        anon$$obj.o
    0x1a002efa   0x1a002efa   0x0000000e   Code   RO          773    i._is_digit         c_w.l(__printf_wp.o)
    0x1a002f08   0x1a002f08   0x0000002c   Code   RO         1118    locale$$code        c_w.l(lc_ctype_c.o)
    0x1a002f34   0x1a002f34   0x00000004   Code   RO          816    x$fpl$printf2       fz_wm.l(printf2.o)
    0x1a002f38   0x1a002f38   0x00000008   Data   RO          732    .constdata          c_w.l(_printf_wctomb.o)
    0x1a002f40   0x1a002f40   0x00000011   Data   RO          781    .constdata          c_w.l(__printf_flags_ss_wp.o)
    0x1a002f51   0x1a002f51   0x00000026   Data   RO          848    .constdata          c_w.l(_printf_fp_hex.o)
    0x1a002f77   0x1a002f77   0x00000001   PAD
    0x1a002f78   0x1a002f78   0x00000094   Data   RO          945    .constdata          c_w.l(bigflt0.o)
    0x1a00300c   0x1a00300c   0x00000008   Data   RO          122    .rodata.__stderr_name  retarget_io.o
    0x1a003014   0x1a003014   0x00000008   Data   RO          121    .rodata.__stdout_name  retarget_io.o
    0x1a00301c   0x1a00301c   0x00000014   Data   RO          199    .rodata.emcdivby2_opc  system_lpc43xx.o
    0x1a003030   0x1a003030   0x00000004   Data   RO           83    .rodata.osRtxUserSVC  rtx_lib.o
    0x1a003034   0x1a003034   0x00000004   Data   RO           19    .rodata.str1.1      main.o
    0x1a003038   0x1a003038   0x00000040   Data   RO         1226    Region$$Table       anon$$obj.o
    0x1a003078   0x1a003078   0x0000001c   Data   RO          984    locale$$data        c_w.l(lc_numeric_c.o)


    Execution Region RW_IRAM2 (Exec base: 0x20000000, Load base: 0x1a003140, Size: 0x000087b0, Max: 0x00010000, ABSOLUTE)

    Exec Addr    Load Addr    Size         Type   Attr      Idx    E Section Name        Object

    0x20000000   0x1a003140   0x00000004   Data   RW          809    .data               c_w.l(stdio_streams.o)
    0x20000004   0x1a003144   0x00000004   Data   RW          810    .data               c_w.l(stdio_streams.o)
    0x20000008   0x1a003148   0x00000004   Data   RW          975    .data               c_w.l(streamlock.o)
    0x2000000c   0x1a00314c   0x00000004   Data   RW          198    .data.SystemCoreClock  system_lpc43xx.o
    0x20000010        -       0x00000054   Zero   RW          806    .bss                c_w.l(stdio_streams.o)
    0x20000064        -       0x00000054   Zero   RW          808    .bss                c_w.l(stdio_streams.o)
    0x200000b8        -       0x00008040   Zero   RW           77    .bss.os             rtx_lib.o
    0x200080f8        -       0x00000001   Zero   RW          684    .bss.os             RTX_CM4F.lib(os_systick.o)
    0x200080f9   0x1a003150   0x00000003   PAD
    0x200080fc        -       0x000001f0   Zero   RW           85    .bss.os.libspace    rtx_lib.o
    0x200082ec        -       0x00000034   Zero   RW           89    .bss.os.msgqueue.cb  rtx_lib.o
    0x20008320        -       0x00000088   Zero   RW           86    .bss.os.thread.cb   rtx_lib.o
    0x200083a8        -       0x00000200   Zero   RW           87    .bss.os.thread.idle.stack  rtx_lib.o
    0x200085a8        -       0x00000200   Zero   RW           88    .bss.os.thread.timer.stack  rtx_lib.o
    0x200087a8        -       0x00000004   Zero   RW           18    .bss.tid_Thread     main.o
    0x200087ac        -       0x00000004   Zero   RW           20    .bss.x              main.o



  Load Region LR_IROM2 (Base: 0x1b000000, Size: 0x00003010, Max: 0x00080000, ABSOLUTE)

    Execution Region ER_IROM2 (Exec base: 0x1b000000, Load base: 0x1b000000, Size: 0x00003010, Max: 0x00080000, ABSOLUTE)

    Exec Addr    Load Addr    Size         Type   Attr      Idx    E Section Name        Object

    0x1b000000   0x1b000000   0x00000000   Code   RO          796    .ARM.Collect$$_printf_percent$$00000000  c_w.l(_printf_percent.o)
    0x1b000000   0x1b000000   0x00000006   Code   RO          785    .ARM.Collect$$_printf_percent$$00000001  c_w.l(_printf_n.o)
    0x1b000006   0x1b000006   0x00000006   Code   RO          787    .ARM.Collect$$_printf_percent$$00000002  c_w.l(_printf_p.o)
    0x1b00000c   0x1b00000c   0x00000006   Code   RO          792    .ARM.Collect$$_printf_percent$$00000003  c_w.l(_printf_f.o)
    0x1b000012   0x1b000012   0x00000006   Code   RO          793    .ARM.Collect$$_printf_percent$$00000004  c_w.l(_printf_e.o)
    0x1b000018   0x1b000018   0x00000006   Code   RO          794    .ARM.Collect$$_printf_percent$$00000005  c_w.l(_printf_g.o)
    0x1b00001e   0x1b00001e   0x00000006   Code   RO          795    .ARM.Collect$$_printf_percent$$00000006  c_w.l(_printf_a.o)
    0x1b000024   0x1b000024   0x0000000a   Code   RO          800    .ARM.Collect$$_printf_percent$$00000007  c_w.l(_printf_ll.o)
    0x1b00002e   0x1b00002e   0x00000006   Code   RO          789    .ARM.Collect$$_printf_percent$$00000008  c_w.l(_printf_i.o)
    0x1b000034   0x1b000034   0x00000006   Code   RO          790    .ARM.Collect$$_printf_percent$$00000009  c_w.l(_printf_d.o)
    0x1b00003a   0x1b00003a   0x00000006   Code   RO          791    .ARM.Collect$$_printf_percent$$0000000A  c_w.l(_printf_u.o)
    0x1b000040   0x1b000040   0x00000006   Code   RO          788    .ARM.Collect$$_printf_percent$$0000000B  c_w.l(_printf_o.o)
    0x1b000046   0x1b000046   0x00000006   Code   RO          786    .ARM.Collect$$_printf_percent$$0000000C  c_w.l(_printf_x.o)
    0x1b00004c   0x1b00004c   0x00000006   Code   RO          797    .ARM.Collect$$_printf_percent$$0000000D  c_w.l(_printf_lli.o)
    0x1b000052   0x1b000052   0x00000006   Code   RO          798    .ARM.Collect$$_printf_percent$$0000000E  c_w.l(_printf_lld.o)
    0x1b000058   0x1b000058   0x00000006   Code   RO          799    .ARM.Collect$$_printf_percent$$0000000F  c_w.l(_printf_llu.o)
    0x1b00005e   0x1b00005e   0x00000006   Code   RO          804    .ARM.Collect$$_printf_percent$$00000010  c_w.l(_printf_llo.o)
    0x1b000064   0x1b000064   0x00000006   Code   RO          805    .ARM.Collect$$_printf_percent$$00000011  c_w.l(_printf_llx.o)
    0x1b00006a   0x1b00006a   0x0000000a   Code   RO          801    .ARM.Collect$$_printf_percent$$00000012  c_w.l(_printf_l.o)
    0x1b000074   0x1b000074   0x00000006   Code   RO          783    .ARM.Collect$$_printf_percent$$00000013  c_w.l(_printf_c.o)
    0x1b00007a   0x1b00007a   0x00000006   Code   RO          784    .ARM.Collect$$_printf_percent$$00000014  c_w.l(_printf_s.o)
    0x1b000080   0x1b000080   0x00000006   Code   RO          802    .ARM.Collect$$_printf_percent$$00000015  c_w.l(_printf_lc.o)
    0x1b000086   0x1b000086   0x00000006   Code   RO          803    .ARM.Collect$$_printf_percent$$00000016  c_w.l(_printf_ls.o)
    0x1b00008c   0x1b00008c   0x00000004   Code   RO          856    .ARM.Collect$$_printf_percent$$00000017  c_w.l(_printf_percent_end.o)
    0x1b000090   0x1b000090   0x00000002   Code   RO         1208    .ARM.Collect$$libshutdown$$00000000  c_w.l(libshutdown.o)
    0x1b000092   0x1b000092   0x00000000   Code   RO         1049    .ARM.Collect$$libshutdown$$00000002  c_w.l(libshutdown2.o)
    0x1b000092   0x1b000092   0x00000004   Code   RO         1050    .ARM.Collect$$libshutdown$$00000003  c_w.l(libshutdown2.o)
    0x1b000096   0x1b000096   0x00000000   Code   RO         1051    .ARM.Collect$$libshutdown$$00000004  c_w.l(libshutdown2.o)
    0x1b000096   0x1b000096   0x00000000   Code   RO         1054    .ARM.Collect$$libshutdown$$00000007  c_w.l(libshutdown2.o)
    0x1b000096   0x1b000096   0x00000000   Code   RO         1057    .ARM.Collect$$libshutdown$$0000000A  c_w.l(libshutdown2.o)
    0x1b000096   0x1b000096   0x00000000   Code   RO         1059    .ARM.Collect$$libshutdown$$0000000C  c_w.l(libshutdown2.o)
    0x1b000096   0x1b000096   0x00000004   Code   RO         1060    .ARM.Collect$$libshutdown$$0000000D  c_w.l(libshutdown2.o)
    0x1b00009a   0x1b00009a   0x00000000   Code   RO         1062    .ARM.Collect$$libshutdown$$0000000F  c_w.l(libshutdown2.o)
    0x1b00009a   0x1b00009a   0x00000002   Code   RO         1063    .ARM.Collect$$libshutdown$$00000010  c_w.l(libshutdown2.o)
    0x1b00009c   0x1b00009c   0x00000002   Code   RO         1074    .ARM.Collect$$rtexit$$00000000  c_w.l(rtexit.o)
    0x1b00009e   0x1b00009e   0x00000000   Code   RO         1135    .ARM.Collect$$rtexit$$00000002  c_w.l(rtexit2.o)
    0x1b00009e   0x1b00009e   0x00000004   Code   RO         1136    .ARM.Collect$$rtexit$$00000003  c_w.l(rtexit2.o)
    0x1b0000a2   0x1b0000a2   0x00000006   Code   RO         1137    .ARM.Collect$$rtexit$$00000004  c_w.l(rtexit2.o)
    0x1b0000a8   0x1b0000a8   0x0000008a   Code   RO          698    .text               c_w.l(rt_memcpy_v6.o)
    0x1b000132   0x1b000132   0x00000006   PAD
    0x1b000138   0x1b000138   0x0000007c   Code   RO          704    .text               c_w.l(strcmpv7em.o)
    0x1b0001b4   0x1b0001b4   0x0000004e   Code   RO          719    .text               c_w.l(_printf_pad.o)
    0x1b000202   0x1b000202   0x00000024   Code   RO          721    .text               c_w.l(_printf_truncate.o)
    0x1b000226   0x1b000226   0x00000052   Code   RO          723    .text               c_w.l(_printf_str.o)
    0x1b000278   0x1b000278   0x000000bc   Code   RO          731    .text               c_w.l(_printf_wctomb.o)
    0x1b000334   0x1b000334   0x0000007c   Code   RO          734    .text               c_w.l(_printf_longlong_dec.o)
    0x1b0003b0   0x1b0003b0   0x00000070   Code   RO          740    .text               c_w.l(_printf_oct_int_ll.o)
    0x1b000420   0x1b000420   0x00000094   Code   RO          760    .text               c_w.l(_printf_hex_int_ll_ptr.o)
    0x1b0004b4   0x1b0004b4   0x00000064   Code   RO          812    .text               c_w.l(rt_memcpy_w.o)
    0x1b000518   0x1b000518   0x000002fc   Code   RO          847    .text               c_w.l(_printf_fp_hex.o)
    0x1b000814   0x1b000814   0x0000002c   Code   RO          852    .text               c_w.l(_printf_char.o)
    0x1b000840   0x1b000840   0x000001c8   Code   RO          869    .text               c_w.l(initio_locked.o)
    0x1b000a08   0x1b000a08   0x00000048   Code   RO          871    .text               c_w.l(_c16rtomb.o)
    0x1b000a50   0x1b000a50   0x00000076   Code   RO          888    .text               c_w.l(h1_free_threads.o)
    0x1b000ac6   0x1b000ac6   0x00000002   PAD
    0x1b000ac8   0x1b000ac8   0x000000e4   Code   RO          944    .text               c_w.l(bigflt0.o)
    0x1b000bac   0x1b000bac   0x000001e2   Code   RO          971    .text               c_w.l(flsbuf.o)
    0x1b000d8e   0x1b000d8e   0x0000004c   Code   RO          978    .text               c_w.l(fclose.o)
    0x1b000dda   0x1b000dda   0x00000068   Code   RO          980    .text               c_w.l(setvbuf_locked.o)
    0x1b000e42   0x1b000e42   0x0000000e   Code   RO          993    .text               c_w.l(defsig_rtred_outer.o)
    0x1b000e50   0x1b000e50   0x0000008a   Code   RO         1087    .text               c_w.l(init_alloc.o)
    0x1b000eda   0x1b000eda   0x00000002   PAD
    0x1b000edc   0x1b000edc   0x000000f8   Code   RO         1109    .text               c_w.l(fseek.o)
    0x1b000fd4   0x1b000fd4   0x00000034   Code   RO         1124    .text               c_w.l(defsig_rtred_inner.o)
    0x1b001008   0x1b001008   0x0000000c   Code   RO         1130    .text               c_w.l(sys_exit.o)
    0x1b001014   0x1b001014   0x00000000   Code   RO         1142    .text               c_w.l(maybetermalloc2.o)
    0x1b001014   0x1b001014   0x00000012   Code   RO         1147    .text               c_w.l(h1_init_threads.o)
    0x1b001026   0x1b001026   0x00000032   Code   RO         1165    .text               c_w.l(defsig_general.o)
    0x1b001058   0x1b001058   0x0000000e   Code   RO         1180    .text               c_w.l(sys_wrch.o)
    0x1b001066   0x1b001066   0x00000000   Code   RO         1190    .text               c_w.l(indicate_semi.o)
    0x1b001066   0x1b001066   0x00000010   Code   RO         1200    .text               c_w.l(term_alloc.o)
    0x1b001076   0x1b001076   0x00000002   PAD
    0x1b001078   0x1b001078   0x00000050   Code   RO         1202    .text               c_w.l(defsig_rtmem_inner.o)
    0x1b0010c8   0x1b0010c8   0x0000003e   Code   RO          135    .text.GPIO_PinWrite  gpio_lpc43xx.o
    0x1b001106   0x1b001106   0x00000002   PAD
    0x1b001108   0x1b001108   0x00000106   Code   RO          186    .text.GetClkSel     system_lpc43xx.o
    0x1b00120e   0x1b00120e   0x00000002   PAD
    0x1b001210   0x1b001210   0x00000144   Code   RO          182    .text.GetClockFreq  system_lpc43xx.o
    0x1b001354   0x1b001354   0x00000082   Code   RO          184    .text.GetPLL1Param  system_lpc43xx.o
    0x1b0013d6   0x1b0013d6   0x00000002   PAD
    0x1b0013d8   0x1b0013d8   0x00000042   Code   RO           99    .text.ITM_SendChar  retarget_io.o
    0x1b00141a   0x1b00141a   0x00000002   PAD
    0x1b00141c   0x1b00141c   0x00000058   Code   RO            6    .text.Init_TIMER0   main.o
    0x1b001474   0x1b001474   0x0000003c   Code   RO           35    .text.LED_Off       led_mcb4300.o
    0x1b0014b0   0x1b0014b0   0x00000008   Code   RO          672    .text.OS_Tick_AcknowledgeIRQ  RTX_CM4F.lib(os_systick.o)
    0x1b0014b8   0x1b0014b8   0x00000006   Code   RO          674    .text.OS_Tick_GetIRQn  RTX_CM4F.lib(os_systick.o)
    0x1b0014be   0x1b0014be   0x00000002   PAD
    0x1b0014c0   0x1b0014c0   0x00000040   Code   RO          666    .text.OS_Tick_Setup  RTX_CM4F.lib(os_systick.o)
    0x1b001500   0x1b001500   0x0000000c   Code   RO          265    .text.OUTLINED_FUNCTION_0  RTX_CM4F.lib(rtx_kernel.o)
    0x1b00150c   0x1b00150c   0x00000006   Code   RO          405    .text.OUTLINED_FUNCTION_0  RTX_CM4F.lib(rtx_thread.o)
    0x1b001512   0x1b001512   0x00000002   PAD
    0x1b001514   0x1b001514   0x0000004e   Code   RO          150    .text.SCU_PinConfigure  scu_lpc43xx.o
    0x1b001562   0x1b001562   0x00000002   PAD
    0x1b001564   0x1b001564   0x000001f8   Code   RO          192    .text.SetClock      system_lpc43xx.o
    0x1b00175c   0x1b00175c   0x00000054   Code   RO          190    .text.SystemInit    system_lpc43xx.o
    0x1b0017b0   0x1b0017b0   0x000007b0   Code   RO          194    .text.SystemInit_ExtMemCtl  system_lpc43xx.o
    0x1b001f60   0x1b001f60   0x0000003c   Code   RO            4    .text.Thread        main.o
    0x1b001f9c   0x1b001f9c   0x0000001c   Code   RO           73    .text._mutex_release  rtx_lib.o
    0x1b001fb8   0x1b001fb8   0x00000048   Code   RO          117    .text._sys_flen     retarget_io.o
    0x1b002000   0x1b002000   0x00000048   Code   RO          113    .text._sys_istty    retarget_io.o
    0x1b002048   0x1b002048   0x00000076   Code   RO          107    .text._sys_write    retarget_io.o
    0x1b0020be   0x1b0020be   0x00000002   PAD
    0x1b0020c0   0x1b0020c0   0x00000032   Code   RO           14    .text.main          main.o
    0x1b0020f2   0x1b0020f2   0x00000002   PAD
    0x1b0020f4   0x1b0020f4   0x00000080   Code   RO          598    .text.osMessageQueuePut  RTX_CM4F.lib(rtx_msgqueue.o)
    0x1b002174   0x1b002174   0x00000024   Code   RO          485    .text.osMutexNew    RTX_CM4F.lib(rtx_mutex.o)
    0x1b002198   0x1b002198   0x00000024   Code   RO          491    .text.osMutexRelease  RTX_CM4F.lib(rtx_mutex.o)
    0x1b0021bc   0x1b0021bc   0x0000002e   Code   RO           52    .text.osRtxErrorNotify  rtx_config.o
    0x1b0021ea   0x1b0021ea   0x00000042   Code   RO          528    .text.osRtxMemoryFree  RTX_CM4F.lib(rtx_memory.o)
    0x1b00222c   0x1b00222c   0x0000004a   Code   RO          542    .text.osRtxMemoryPoolFree  RTX_CM4F.lib(rtx_mempool.o)
    0x1b002276   0x1b002276   0x00000038   Code   RO          538    .text.osRtxMemoryPoolInit  RTX_CM4F.lib(rtx_mempool.o)
    0x1b0022ae   0x1b0022ae   0x000000aa   Code   RO          622    .text.osRtxMessageQueuePostProcess  RTX_CM4F.lib(rtx_msgqueue.o)
    0x1b002358   0x1b002358   0x00000020   Code   RO          590    .text.osRtxMessageQueueTimerSetup  RTX_CM4F.lib(rtx_msgqueue.o)
    0x1b002378   0x1b002378   0x00000048   Code   RO          481    .text.osRtxMutexOwnerRelease  RTX_CM4F.lib(rtx_mutex.o)
    0x1b0023c0   0x1b0023c0   0x00000034   Code   RO          297    .text.osRtxThreadBlock  RTX_CM4F.lib(rtx_thread.o)
    0x1b0023f4   0x1b0023f4   0x0000003c   Code   RO          301    .text.osRtxThreadDelayRemove  RTX_CM4F.lib(rtx_thread.o)
    0x1b002430   0x1b002430   0x00000020   Code   RO          389    .text.osRtxThreadDestroy  RTX_CM4F.lib(rtx_thread.o)
    0x1b002450   0x1b002450   0x00000050   Code   RO          295    .text.osRtxThreadDispatch  RTX_CM4F.lib(rtx_thread.o)
    0x1b0024a0   0x1b0024a0   0x00000054   Code   RO          381    .text.osRtxThreadFree  RTX_CM4F.lib(rtx_thread.o)
    0x1b0024f4   0x1b0024f4   0x00000012   Code   RO          281    .text.osRtxThreadListGet  RTX_CM4F.lib(rtx_thread.o)
    0x1b002506   0x1b002506   0x0000002c   Code   RO          279    .text.osRtxThreadListPut  RTX_CM4F.lib(rtx_thread.o)
    0x1b002532   0x1b002532   0x00000014   Code   RO          285    .text.osRtxThreadListRemove  RTX_CM4F.lib(rtx_thread.o)
    0x1b002546   0x1b002546   0x00000026   Code   RO          283    .text.osRtxThreadListSort  RTX_CM4F.lib(rtx_thread.o)
    0x1b00256c   0x1b00256c   0x00000014   Code   RO          291    .text.osRtxThreadRegPtr  RTX_CM4F.lib(rtx_thread.o)
    0x1b002580   0x1b002580   0x00000038   Code   RO          307    .text.osRtxThreadStartup  RTX_CM4F.lib(rtx_thread.o)
    0x1b0025b8   0x1b0025b8   0x0000000c   Code   RO          293    .text.osRtxThreadSwitch  RTX_CM4F.lib(rtx_thread.o)
    0x1b0025c4   0x1b0025c4   0x00000030   Code   RO          299    .text.osRtxThreadWaitExit  RTX_CM4F.lib(rtx_thread.o)
    0x1b0025f4   0x1b0025f4   0x00000020   Code   RO          443    .text.osRtxTimerThread  RTX_CM4F.lib(rtx_timer.o)
    0x1b002614   0x1b002614   0x00000070   Code   RO          441    .text.osRtxTimerTick  RTX_CM4F.lib(rtx_timer.o)
    0x1b002684   0x1b002684   0x0000000c   Code   RO          339    .text.osThreadExit  RTX_CM4F.lib(rtx_thread.o)
    0x1b002690   0x1b002690   0x00000024   Code   RO          311    .text.osThreadNew   RTX_CM4F.lib(rtx_thread.o)
    0x1b0026b4   0x1b0026b4   0x00000016   Code   RO          427    .text.svcRtxDelay   RTX_CM4F.lib(rtx_delay.o)
    0x1b0026ca   0x1b0026ca   0x00000002   PAD
    0x1b0026cc   0x1b0026cc   0x0000008c   Code   RO          251    .text.svcRtxKernelStart  RTX_CM4F.lib(rtx_kernel.o)
    0x1b002758   0x1b002758   0x000000cc   Code   RO          634    .text.svcRtxMessageQueueGet  RTX_CM4F.lib(rtx_msgqueue.o)
    0x1b002824   0x1b002824   0x00000090   Code   RO          501    .text.svcRtxMutexAcquire  RTX_CM4F.lib(rtx_mutex.o)
    0x1b0028b4   0x1b0028b4   0x000000b0   Code   RO          507    .text.svcRtxMutexDelete  RTX_CM4F.lib(rtx_mutex.o)
    0x1b002964   0x1b002964   0x000000b4   Code   RO          503    .text.svcRtxMutexRelease  RTX_CM4F.lib(rtx_mutex.o)
    0x1b002a18   0x1b002a18   0x0000002a   Code   RO          951    CL$$btod_ediv       c_w.l(btod.o)
    0x1b002a42   0x1b002a42   0x0000002a   Code   RO          950    CL$$btod_emul       c_w.l(btod.o)
    0x1b002a6c   0x1b002a6c   0x0000000a   Ven    RO         1286    Veneer$$Code        anon$$obj.o
    0x1b002a76   0x1b002a76   0x0000000a   Ven    RO         1287    Veneer$$Code        anon$$obj.o
    0x1b002a80   0x1b002a80   0x0000000a   Ven    RO         1288    Veneer$$Code        anon$$obj.o
    0x1b002a8a   0x1b002a8a   0x0000000a   Ven    RO         1289    Veneer$$Code        anon$$obj.o
    0x1b002a94   0x1b002a94   0x0000000a   Ven    RO         1290    Veneer$$Code        anon$$obj.o
    0x1b002a9e   0x1b002a9e   0x0000000a   Ven    RO         1291    Veneer$$Code        anon$$obj.o
    0x1b002aa8   0x1b002aa8   0x0000000a   Ven    RO         1292    Veneer$$Code        anon$$obj.o
    0x1b002ab2   0x1b002ab2   0x0000000a   Ven    RO         1293    Veneer$$Code        anon$$obj.o
    0x1b002abc   0x1b002abc   0x0000000a   Ven    RO         1294    Veneer$$Code        anon$$obj.o
    0x1b002ac6   0x1b002ac6   0x0000000a   Ven    RO         1295    Veneer$$Code        anon$$obj.o
    0x1b002ad0   0x1b002ad0   0x0000000a   Ven    RO         1296    Veneer$$Code        anon$$obj.o
    0x1b002ada   0x1b002ada   0x0000000a   Ven    RO         1297    Veneer$$Code        anon$$obj.o
    0x1b002ae4   0x1b002ae4   0x0000000a   Ven    RO         1298    Veneer$$Code        anon$$obj.o
    0x1b002aee   0x1b002aee   0x0000000a   Ven    RO         1299    Veneer$$Code        anon$$obj.o
    0x1b002af8   0x1b002af8   0x0000000a   Ven    RO         1300    Veneer$$Code        anon$$obj.o
    0x1b002b02   0x1b002b02   0x0000000a   Ven    RO         1301    Veneer$$Code        anon$$obj.o
    0x1b002b0c   0x1b002b0c   0x0000000a   Ven    RO         1302    Veneer$$Code        anon$$obj.o
    0x1b002b16   0x1b002b16   0x0000000a   Ven    RO         1303    Veneer$$Code        anon$$obj.o
    0x1b002b20   0x1b002b20   0x0000000a   Ven    RO         1304    Veneer$$Code        anon$$obj.o
    0x1b002b2a   0x1b002b2a   0x0000000a   Ven    RO         1305    Veneer$$Code        anon$$obj.o
    0x1b002b34   0x1b002b34   0x0000000a   Ven    RO         1306    Veneer$$Code        anon$$obj.o
    0x1b002b3e   0x1b002b3e   0x0000000a   Ven    RO         1307    Veneer$$Code        anon$$obj.o
    0x1b002b48   0x1b002b48   0x0000000a   Ven    RO         1308    Veneer$$Code        anon$$obj.o
    0x1b002b52   0x1b002b52   0x0000000a   Ven    RO         1309    Veneer$$Code        anon$$obj.o
    0x1b002b5c   0x1b002b5c   0x0000000a   Ven    RO         1310    Veneer$$Code        anon$$obj.o
    0x1b002b66   0x1b002b66   0x0000000a   Ven    RO         1311    Veneer$$Code        anon$$obj.o
    0x1b002b70   0x1b002b70   0x0000000a   Ven    RO         1312    Veneer$$Code        anon$$obj.o
    0x1b002b7a   0x1b002b7a   0x0000000a   Ven    RO         1313    Veneer$$Code        anon$$obj.o
    0x1b002b84   0x1b002b84   0x0000000a   Ven    RO         1314    Veneer$$Code        anon$$obj.o
    0x1b002b8e   0x1b002b8e   0x0000000a   Ven    RO         1315    Veneer$$Code        anon$$obj.o
    0x1b002b98   0x1b002b98   0x0000000a   Ven    RO         1316    Veneer$$Code        anon$$obj.o
    0x1b002ba2   0x1b002ba2   0x0000000a   Ven    RO         1317    Veneer$$Code        anon$$obj.o
    0x1b002bac   0x1b002bac   0x0000000a   Ven    RO         1318    Veneer$$Code        anon$$obj.o
    0x1b002bb6   0x1b002bb6   0x0000000a   Ven    RO         1319    Veneer$$Code        anon$$obj.o
    0x1b002bc0   0x1b002bc0   0x0000000a   Ven    RO         1320    Veneer$$Code        anon$$obj.o
    0x1b002bca   0x1b002bca   0x0000000a   Ven    RO         1321    Veneer$$Code        anon$$obj.o
    0x1b002bd4   0x1b002bd4   0x0000000a   Ven    RO         1322    Veneer$$Code        anon$$obj.o
    0x1b002bde   0x1b002bde   0x0000000a   Ven    RO         1323    Veneer$$Code        anon$$obj.o
    0x1b002be8   0x1b002be8   0x0000000a   Ven    RO         1324    Veneer$$Code        anon$$obj.o
    0x1b002bf2   0x1b002bf2   0x0000000a   Ven    RO         1325    Veneer$$Code        anon$$obj.o
    0x1b002bfc   0x1b002bfc   0x0000000a   Ven    RO         1326    Veneer$$Code        anon$$obj.o
    0x1b002c06   0x1b002c06   0x0000000a   Ven    RO         1327    Veneer$$Code        anon$$obj.o
    0x1b002c10   0x1b002c10   0x0000000a   Ven    RO         1328    Veneer$$Code        anon$$obj.o
    0x1b002c1a   0x1b002c1a   0x0000000a   Ven    RO         1329    Veneer$$Code        anon$$obj.o
    0x1b002c24   0x1b002c24   0x0000000a   Ven    RO         1330    Veneer$$Code        anon$$obj.o
    0x1b002c2e   0x1b002c2e   0x0000000a   Ven    RO         1331    Veneer$$Code        anon$$obj.o
    0x1b002c38   0x1b002c38   0x0000000a   Ven    RO         1332    Veneer$$Code        anon$$obj.o
    0x1b002c42   0x1b002c42   0x0000000a   Ven    RO         1333    Veneer$$Code        anon$$obj.o
    0x1b002c4c   0x1b002c4c   0x0000000a   Ven    RO         1334    Veneer$$Code        anon$$obj.o
    0x1b002c56   0x1b002c56   0x0000000a   Ven    RO         1335    Veneer$$Code        anon$$obj.o
    0x1b002c60   0x1b002c60   0x0000000a   Ven    RO         1336    Veneer$$Code        anon$$obj.o
    0x1b002c6a   0x1b002c6a   0x0000000a   Ven    RO         1337    Veneer$$Code        anon$$obj.o
    0x1b002c74   0x1b002c74   0x0000000a   Ven    RO         1338    Veneer$$Code        anon$$obj.o
    0x1b002c7e   0x1b002c7e   0x0000000a   Ven    RO         1339    Veneer$$Code        anon$$obj.o
    0x1b002c88   0x1b002c88   0x0000000a   Ven    RO         1340    Veneer$$Code        anon$$obj.o
    0x1b002c92   0x1b002c92   0x0000000a   Ven    RO         1341    Veneer$$Code        anon$$obj.o
    0x1b002c9c   0x1b002c9c   0x0000000a   Ven    RO         1342    Veneer$$Code        anon$$obj.o
    0x1b002ca6   0x1b002ca6   0x0000000a   Ven    RO         1343    Veneer$$Code        anon$$obj.o
    0x1b002cb0   0x1b002cb0   0x0000000a   Ven    RO         1344    Veneer$$Code        anon$$obj.o
    0x1b002cba   0x1b002cba   0x00000030   Code   RO         1069    i.__ARM_fpclassify  m_wm.l(fpclassify.o)
    0x1b002cea   0x1b002cea   0x0000001c   Code   RO          860    i.fputc             c_w.l(fputc.o)
    0x1b002d06   0x1b002d06   0x00000002   PAD
    0x1b002d08   0x1b002d08   0x0000002c   Code   RO          985    locale$$code        c_w.l(lc_numeric_c.o)
    0x1b002d34   0x1b002d34   0x0000001a   Code   RO          710    x$fpl$fpinit        fz_wm.l(fpinit.o)
    0x1b002d4e   0x1b002d4e   0x00000004   Code   RO          814    x$fpl$printf1       fz_wm.l(printf1.o)
    0x1b002d52   0x1b002d52   0x00000000   Code   RO         1068    x$fpl$usenofp       fz_wm.l(usenofp.o)
    0x1b002d52   0x1b002d52   0x00000028   Data   RO          761    .constdata          c_w.l(_printf_hex_int_ll_ptr.o)
    0x1b002d7a   0x1b002d7a   0x00000002   PAD
    0x1b002d7c   0x1b002d7c   0x00000070   Data   RO           81    .rodata             rtx_lib.o
    0x1b002dec   0x1b002dec   0x00000038   Data   RO           84    .rodata             rtx_lib.o
    0x1b002e24   0x1b002e24   0x00000010   Data   RO           42    .rodata.LED_GPIO    led_mcb4300.o
    0x1b002e34   0x1b002e34   0x00000040   Data   RO           41    .rodata.LED_PIN     led_mcb4300.o
    0x1b002e74   0x1b002e74   0x00000007   Data   RO          120    .rodata.__stdin_name  retarget_io.o
    0x1b002e7b   0x1b002e7b   0x00000001   PAD
    0x1b002e7c   0x1b002e7c   0x00000024   Data   RO           78    .rodata.os_idle_thread_attr  rtx_lib.o
    0x1b002ea0   0x1b002ea0   0x00000018   Data   RO           80    .rodata.os_timer_mq_attr  rtx_lib.o
    0x1b002eb8   0x1b002eb8   0x00000024   Data   RO           79    .rodata.os_timer_thread_attr  rtx_lib.o
    0x1b002edc   0x1b002edc   0x00000017   Data   RO          123    .rodata.str1.1      retarget_io.o
    0x1b002ef3   0x1b002ef3   0x00000001   PAD
    0x1b002ef4   0x1b002ef4   0x0000000b   Data   RO          269    .rodata.str1.4      RTX_CM4F.lib(rtx_kernel.o)
    0x1b002eff   0x1b002eff   0x00000001   PAD
    0x1b002f00   0x1b002f00   0x00000110   Data   RO         1117    locale$$data        c_w.l(lc_ctype_c.o)


==============================================================================

Image component sizes


      Code (inc. data)   RO Data    RW Data    ZI Data      Debug   Object Name

       272          0          0          0          0       6025   gpio_lpc43xx.o
       234          0         80          0          0       2145   led_mcb4300.o
       378          0          4          0          8       7604   main.o
       632          0         46          0          0       3012   retarget_io.o
        54          6          0          0          0        726   rtx_config.o
       362          0        268          0      34621       7578   rtx_lib.o
        78          0          0          0          0       7063   scu_lpc43xx.o
        64         26        768          0       1536        880   startup_lpc43xx.o
      3386         36         20          4          0      18688   system_lpc43xx.o

    ----------------------------------------------------------------------
      6598         68       1252          4      36168      53721   Object Totals
      1100          0         64          0          0          0   (incl. Generated)
        38          0          2          0          3          0   (incl. Padding)

    ----------------------------------------------------------------------

      Code (inc. data)   RO Data    RW Data    ZI Data      Debug   Library Member Name

       200         12          0          0          0        634   irq_armv7m.o
       122         28          0          0          1       3199   os_systick.o
        58          4          0          0          0       2797   rtx_delay.o
       560         48         11        164          0      16781   rtx_kernel.o
       228          0          0          0          0       2590   rtx_memory.o
       188          0          0          0          0      16188   rtx_mempool.o
      1296         24          0          0          0      18765   rtx_msgqueue.o
       892         32          0          0          0      10068   rtx_mutex.o
       364         14          0          0          0       5444   rtx_system.o
      1768         52          0          0          0      32486   rtx_thread.o
       240          8          0          0          0      10433   rtx_timer.o
         8          0          0          0          0         68   __main.o
       392          4         17          0          0         92   __printf_flags_ss_wp.o
        14          0          0          0          0         68   __printf_wp.o
         0          0          0          0          0          0   __rtentry.o
        20          0          0          0          0          0   __rtentry2.o
         6          0          0          0          0          0   __rtentry4.o
        94          8          0          0          0          0   __scatter.o
        26          0          0          0          0          0   __scatter_copy.o
        28          0          0          0          0          0   __scatter_zi.o
        72          0          0          0          0         96   _c16rtomb.o
         6          0          0          0          0          0   _printf_a.o
         6          0          0          0          0          0   _printf_c.o
        44          0          0          0          0        108   _printf_char.o
        48          6          0          0          0         96   _printf_char_common.o
        64          6          0          0          0         84   _printf_char_file_locked.o
        40          0          0          0          0         68   _printf_charcount.o
         6          0          0          0          0          0   _printf_d.o
       120         16          0          0          0         92   _printf_dec.o
         6          0          0          0          0          0   _printf_e.o
         6          0          0          0          0          0   _printf_f.o
      1052          0          0          0          0        148   _printf_fp_dec.o
       764          8         38          0          0        100   _printf_fp_hex.o
       128         16          0          0          0         84   _printf_fp_infnan.o
         6          0          0          0          0          0   _printf_g.o
       148          4         40          0          0        160   _printf_hex_int_ll_ptr.o
         6          0          0          0          0          0   _printf_i.o
       178          0          0          0          0         88   _printf_intcommon.o
        10          0          0          0          0          0   _printf_l.o
         6          0          0          0          0          0   _printf_lc.o
        10          0          0          0          0          0   _printf_ll.o
         6          0          0          0          0          0   _printf_lld.o
         6          0          0          0          0          0   _printf_lli.o
         6          0          0          0          0          0   _printf_llo.o
         6          0          0          0          0          0   _printf_llu.o
         6          0          0          0          0          0   _printf_llx.o
       124         16          0          0          0         92   _printf_longlong_dec.o
         6          0          0          0          0          0   _printf_ls.o
         6          0          0          0          0          0   _printf_n.o
         6          0          0          0          0          0   _printf_o.o
       112          8          0          0          0        124   _printf_oct_int_ll.o
         6          0          0          0          0          0   _printf_p.o
        78          0          0          0          0        108   _printf_pad.o
         0          0          0          0          0          0   _printf_percent.o
         4          0          0          0          0          0   _printf_percent_end.o
         6          0          0          0          0          0   _printf_s.o
        82          0          0          0          0         80   _printf_str.o
        36          0          0          0          0         84   _printf_truncate.o
         6          0          0          0          0          0   _printf_u.o
        44          0          0          0          0        108   _printf_wchar.o
       188          6          8          0          0         92   _printf_wctomb.o
         6          0          0          0          0          0   _printf_x.o
       228          4        148          0          0         96   bigflt0.o
      1936        128          0          0          0        668   btod.o
        10          0          0          0          0         68   defsig_exit.o
        50          0          0          0          0         88   defsig_general.o
        80         58          0          0          0         76   defsig_rtmem_inner.o
        14          0          0          0          0         80   defsig_rtmem_outer.o
        52         38          0          0          0         76   defsig_rtred_inner.o
        14          0          0          0          0         80   defsig_rtred_outer.o
        18          0          0          0          0         80   exit.o
        76          0          0          0          0         88   fclose.o
       482          0          0          0          0         92   flsbuf.o
       332         10          0          0          0        152   fopen_locked.o
        28          0          0          0          0         68   fputc.o
       248          6          0          0          0         84   fseek.o
        66          0          0          0          0         76   ftell.o
       166          0          0          0          0        144   h1_alloc_threads.o
        82          0          0          0          0        104   h1_extend_threads.o
        10          0          0          0          0         76   h1_final_threads.o
       118          0          0          0          0        108   h1_free_threads.o
        18          0          0          0          0         84   h1_init_threads.o
         6          0          0          0          0        152   heapauxi.o
         4          0          0          0          0        136   hguard.o
         0          0          0          0          0          0   indicate_semi.o
       138          0          0          0          0        168   init_alloc.o
       456         48          0          0          0        116   initio_locked.o
        44         10        272          0          0         76   lc_ctype_c.o
        44         10         28          0          0         76   lc_numeric_c.o
         2          0          0          0          0          0   libinit.o
        46          0          0          0          0          0   libinit2.o
         2          0          0          0          0          0   libshutdown.o
        10          0          0          0          0          0   libshutdown2.o
         8          4          0          0         96         68   libspace.o
       138          0          0          0          0         80   lludiv10.o
       240          0          0          0          0        100   lludivv7m.o
         0          0          0          0          0          0   maybetermalloc2.o
        24          4          0          0          0         84   printf.o
        16          4          0          0          0         76   rt_ctype_table.o
         4          0          0          0          0         68   rt_errno_addr_twolibspace.o
        10          0          0          0          0         76   rt_heap_descriptor_twolibspace.o
        10          0          0          0          0         76   rt_locale_twolibspace.o
        68          0          0          0          0         68   rt_memclr.o
        78          0          0          0          0         80   rt_memclr_w.o
       138          0          0          0          0         68   rt_memcpy_v6.o
       100          0          0          0          0         80   rt_memcpy_w.o
         2          0          0          0          0          0   rtexit.o
        10          0          0          0          0          0   rtexit2.o
       104          0          0          0          0         88   setvbuf_locked.o
       264          6          0          0          0        160   stdio.o
         0          0          0         12        252          0   stdio_streams.o
       124          0          0          0          0         88   strcmpv7em.o
         0          0          0          4          0          0   streamlock.o
        12          4          0          0          0         68   sys_exit.o
        74          0          0          0          0         80   sys_stackheap_outer.o
        14          0          0          0          0         76   sys_wrch.o
        16          0          0          0          0         80   term_alloc.o
         2          0          0          0          0         68   use_no_semi.o
        26          0          0          0          0        116   fpinit.o
         4          0          0          0          0        116   printf1.o
         4          0          0          0          0        116   printf2.o
         0          0          0          0          0          0   usenofp.o
        48          0          0          0          0        124   fpclassify.o

    ----------------------------------------------------------------------
     16324        654        566        180        352     126641   Library Totals
        36          0          4          0          3          0   (incl. Padding)

    ----------------------------------------------------------------------

      Code (inc. data)   RO Data    RW Data    ZI Data      Debug   Library Name

      5916        222         11        164          1     119385   RTX_CM4F.lib
     10290        432        551         16        348       6784   c_w.l
        34          0          0          0          0        348   fz_wm.l
        48          0          0          0          0        124   m_wm.l

    ----------------------------------------------------------------------
     16324        654        566        180        352     126641   Library Totals

    ----------------------------------------------------------------------

==============================================================================


      Code (inc. data)   RO Data    RW Data    ZI Data      Debug   

     22922        722       1818        184      36520     176198   Grand Totals
     22922        722       1818        184      36520     176198   ELF Image Totals
     22922        722       1818        184          0          0   ROM Totals

==============================================================================

    Total RO  Size (Code + RO Data)                24740 (  24.16kB)
    Total RW  Size (RW Data + ZI Data)             36704 (  35.84kB)
    Total ROM Size (Code + RO Data + RW Data)      24924 (  24.34kB)

==============================================================================

